<?xml version="1.0" encoding="ISO-8859-1" ?>
<link_info>
   <banner>TI ARM Linker Unix v20.2.0.LTS</banner>
   <copyright>Copyright (c) 1996-2018 Texas Instruments Incorporated</copyright>
   <link_time>0x5eb2d123</link_time>
   <link_errors>0x0</link_errors>
   <output_file>protothreads.out</output_file>
   <entry_point>
      <name>_c_int00_noargs</name>
      <address>0x5399</address>
   </entry_point>
   <input_file_list>
      <input_file id="fl-1">
         <path>./</path>
         <kind>object</kind>
         <file>main.obj</file>
         <name>main.obj</name>
      </input_file>
      <input_file id="fl-2">
         <path>./</path>
         <kind>object</kind>
         <file>tm4c1294ncpdt_startup_ccs.obj</file>
         <name>tm4c1294ncpdt_startup_ccs.obj</name>
      </input_file>
      <input_file id="fl-3">
         <path>./driverlib/</path>
         <kind>object</kind>
         <file>cpu.obj</file>
         <name>cpu.obj</name>
      </input_file>
      <input_file id="fl-4">
         <path>./driverlib/</path>
         <kind>object</kind>
         <file>fpu.obj</file>
         <name>fpu.obj</name>
      </input_file>
      <input_file id="fl-5">
         <path>./driverlib/</path>
         <kind>object</kind>
         <file>gpio.obj</file>
         <name>gpio.obj</name>
      </input_file>
      <input_file id="fl-6">
         <path>./driverlib/</path>
         <kind>object</kind>
         <file>interrupt.obj</file>
         <name>interrupt.obj</name>
      </input_file>
      <input_file id="fl-7">
         <path>./driverlib/</path>
         <kind>object</kind>
         <file>sysctl.obj</file>
         <name>sysctl.obj</name>
      </input_file>
      <input_file id="fl-8">
         <path>./driverlib/</path>
         <kind>object</kind>
         <file>uart.obj</file>
         <name>uart.obj</name>
      </input_file>
      <input_file id="fl-c">
         <kind>object</kind>
         <file>&lt;internal&gt;</file>
         <name>&lt;internal&gt;</name>
      </input_file>
      <input_file id="fl-c2">
         <path>/home/gustavo/Aplicativos/ti/ccs1000/ccs/tools/compiler/ti-cgt-arm_20.2.0.LTS/lib/</path>
         <kind>archive</kind>
         <file>rtsv7M4_T_le_v4SPD16_eabi.lib</file>
         <name>printf.c.obj</name>
      </input_file>
      <input_file id="fl-c3">
         <path>/home/gustavo/Aplicativos/ti/ccs1000/ccs/tools/compiler/ti-cgt-arm_20.2.0.LTS/lib/</path>
         <kind>archive</kind>
         <file>rtsv7M4_T_le_v4SPD16_eabi.lib</file>
         <name>_printfi.c.obj</name>
      </input_file>
      <input_file id="fl-c4">
         <path>/home/gustavo/Aplicativos/ti/ccs1000/ccs/tools/compiler/ti-cgt-arm_20.2.0.LTS/lib/</path>
         <kind>archive</kind>
         <file>rtsv7M4_T_le_v4SPD16_eabi.lib</file>
         <name>fputc.c.obj</name>
      </input_file>
      <input_file id="fl-c5">
         <path>/home/gustavo/Aplicativos/ti/ccs1000/ccs/tools/compiler/ti-cgt-arm_20.2.0.LTS/lib/</path>
         <kind>archive</kind>
         <file>rtsv7M4_T_le_v4SPD16_eabi.lib</file>
         <name>fputs.c.obj</name>
      </input_file>
      <input_file id="fl-c6">
         <path>/home/gustavo/Aplicativos/ti/ccs1000/ccs/tools/compiler/ti-cgt-arm_20.2.0.LTS/lib/</path>
         <kind>archive</kind>
         <file>rtsv7M4_T_le_v4SPD16_eabi.lib</file>
         <name>_io_perm.c.obj</name>
      </input_file>
      <input_file id="fl-c7">
         <path>/home/gustavo/Aplicativos/ti/ccs1000/ccs/tools/compiler/ti-cgt-arm_20.2.0.LTS/lib/</path>
         <kind>archive</kind>
         <file>rtsv7M4_T_le_v4SPD16_eabi.lib</file>
         <name>setvbuf.c.obj</name>
      </input_file>
      <input_file id="fl-c8">
         <path>/home/gustavo/Aplicativos/ti/ccs1000/ccs/tools/compiler/ti-cgt-arm_20.2.0.LTS/lib/</path>
         <kind>archive</kind>
         <file>rtsv7M4_T_le_v4SPD16_eabi.lib</file>
         <name>fd_add_t2.asm.obj</name>
      </input_file>
      <input_file id="fl-c9">
         <path>/home/gustavo/Aplicativos/ti/ccs1000/ccs/tools/compiler/ti-cgt-arm_20.2.0.LTS/lib/</path>
         <kind>archive</kind>
         <file>rtsv7M4_T_le_v4SPD16_eabi.lib</file>
         <name>fd_cmp_t2.asm.obj</name>
      </input_file>
      <input_file id="fl-ca">
         <path>/home/gustavo/Aplicativos/ti/ccs1000/ccs/tools/compiler/ti-cgt-arm_20.2.0.LTS/lib/</path>
         <kind>archive</kind>
         <file>rtsv7M4_T_le_v4SPD16_eabi.lib</file>
         <name>fd_div_t2.asm.obj</name>
      </input_file>
      <input_file id="fl-cb">
         <path>/home/gustavo/Aplicativos/ti/ccs1000/ccs/tools/compiler/ti-cgt-arm_20.2.0.LTS/lib/</path>
         <kind>archive</kind>
         <file>rtsv7M4_T_le_v4SPD16_eabi.lib</file>
         <name>fd_mul_t2.asm.obj</name>
      </input_file>
      <input_file id="fl-cc">
         <path>/home/gustavo/Aplicativos/ti/ccs1000/ccs/tools/compiler/ti-cgt-arm_20.2.0.LTS/lib/</path>
         <kind>archive</kind>
         <file>rtsv7M4_T_le_v4SPD16_eabi.lib</file>
         <name>fd_toi_t2.asm.obj</name>
      </input_file>
      <input_file id="fl-cd">
         <path>/home/gustavo/Aplicativos/ti/ccs1000/ccs/tools/compiler/ti-cgt-arm_20.2.0.LTS/lib/</path>
         <kind>archive</kind>
         <file>rtsv7M4_T_le_v4SPD16_eabi.lib</file>
         <name>i_tofd_t2.asm.obj</name>
      </input_file>
      <input_file id="fl-ce">
         <path>/home/gustavo/Aplicativos/ti/ccs1000/ccs/tools/compiler/ti-cgt-arm_20.2.0.LTS/lib/</path>
         <kind>archive</kind>
         <file>rtsv7M4_T_le_v4SPD16_eabi.lib</file>
         <name>memcpy_t2.asm.obj</name>
      </input_file>
      <input_file id="fl-cf">
         <path>/home/gustavo/Aplicativos/ti/ccs1000/ccs/tools/compiler/ti-cgt-arm_20.2.0.LTS/lib/</path>
         <kind>archive</kind>
         <file>rtsv7M4_T_le_v4SPD16_eabi.lib</file>
         <name>memset_t2.asm.obj</name>
      </input_file>
      <input_file id="fl-d0">
         <path>/home/gustavo/Aplicativos/ti/ccs1000/ccs/tools/compiler/ti-cgt-arm_20.2.0.LTS/lib/</path>
         <kind>archive</kind>
         <file>rtsv7M4_T_le_v4SPD16_eabi.lib</file>
         <name>ull_div_t2.asm.obj</name>
      </input_file>
      <input_file id="fl-d1">
         <path>/home/gustavo/Aplicativos/ti/ccs1000/ccs/tools/compiler/ti-cgt-arm_20.2.0.LTS/lib/</path>
         <kind>archive</kind>
         <file>rtsv7M4_T_le_v4SPD16_eabi.lib</file>
         <name>copy_zero_init.c.obj</name>
      </input_file>
      <input_file id="fl-d2">
         <path>/home/gustavo/Aplicativos/ti/ccs1000/ccs/tools/compiler/ti-cgt-arm_20.2.0.LTS/lib/</path>
         <kind>archive</kind>
         <file>rtsv7M4_T_le_v4SPD16_eabi.lib</file>
         <name>copy_decompress_none.c.obj</name>
      </input_file>
      <input_file id="fl-d3">
         <path>/home/gustavo/Aplicativos/ti/ccs1000/ccs/tools/compiler/ti-cgt-arm_20.2.0.LTS/lib/</path>
         <kind>archive</kind>
         <file>rtsv7M4_T_le_v4SPD16_eabi.lib</file>
         <name>copy_decompress_lzss.c.obj</name>
      </input_file>
      <input_file id="fl-d4">
         <path>/home/gustavo/Aplicativos/ti/ccs1000/ccs/tools/compiler/ti-cgt-arm_20.2.0.LTS/lib/</path>
         <kind>archive</kind>
         <file>rtsv7M4_T_le_v4SPD16_eabi.lib</file>
         <name>exit.c.obj</name>
      </input_file>
      <input_file id="fl-d5">
         <path>/home/gustavo/Aplicativos/ti/ccs1000/ccs/tools/compiler/ti-cgt-arm_20.2.0.LTS/lib/</path>
         <kind>archive</kind>
         <file>rtsv7M4_T_le_v4SPD16_eabi.lib</file>
         <name>_lock.c.obj</name>
      </input_file>
      <input_file id="fl-d6">
         <path>/home/gustavo/Aplicativos/ti/ccs1000/ccs/tools/compiler/ti-cgt-arm_20.2.0.LTS/lib/</path>
         <kind>archive</kind>
         <file>rtsv7M4_T_le_v4SPD16_eabi.lib</file>
         <name>_ltoa.c.obj</name>
      </input_file>
      <input_file id="fl-d7">
         <path>/home/gustavo/Aplicativos/ti/ccs1000/ccs/tools/compiler/ti-cgt-arm_20.2.0.LTS/lib/</path>
         <kind>archive</kind>
         <file>rtsv7M4_T_le_v4SPD16_eabi.lib</file>
         <name>atoi.c.obj</name>
      </input_file>
      <input_file id="fl-d8">
         <path>/home/gustavo/Aplicativos/ti/ccs1000/ccs/tools/compiler/ti-cgt-arm_20.2.0.LTS/lib/</path>
         <kind>archive</kind>
         <file>rtsv7M4_T_le_v4SPD16_eabi.lib</file>
         <name>ctype.c.obj</name>
      </input_file>
      <input_file id="fl-d9">
         <path>/home/gustavo/Aplicativos/ti/ccs1000/ccs/tools/compiler/ti-cgt-arm_20.2.0.LTS/lib/</path>
         <kind>archive</kind>
         <file>rtsv7M4_T_le_v4SPD16_eabi.lib</file>
         <name>defs.c.obj</name>
      </input_file>
      <input_file id="fl-da">
         <path>/home/gustavo/Aplicativos/ti/ccs1000/ccs/tools/compiler/ti-cgt-arm_20.2.0.LTS/lib/</path>
         <kind>archive</kind>
         <file>rtsv7M4_T_le_v4SPD16_eabi.lib</file>
         <name>memccpy.c.obj</name>
      </input_file>
      <input_file id="fl-db">
         <path>/home/gustavo/Aplicativos/ti/ccs1000/ccs/tools/compiler/ti-cgt-arm_20.2.0.LTS/lib/</path>
         <kind>archive</kind>
         <file>rtsv7M4_T_le_v4SPD16_eabi.lib</file>
         <name>memchr.c.obj</name>
      </input_file>
      <input_file id="fl-dc">
         <path>/home/gustavo/Aplicativos/ti/ccs1000/ccs/tools/compiler/ti-cgt-arm_20.2.0.LTS/lib/</path>
         <kind>archive</kind>
         <file>rtsv7M4_T_le_v4SPD16_eabi.lib</file>
         <name>memory.c.obj</name>
      </input_file>
      <input_file id="fl-dd">
         <path>/home/gustavo/Aplicativos/ti/ccs1000/ccs/tools/compiler/ti-cgt-arm_20.2.0.LTS/lib/</path>
         <kind>archive</kind>
         <file>rtsv7M4_T_le_v4SPD16_eabi.lib</file>
         <name>strchr.c.obj</name>
      </input_file>
      <input_file id="fl-de">
         <path>/home/gustavo/Aplicativos/ti/ccs1000/ccs/tools/compiler/ti-cgt-arm_20.2.0.LTS/lib/</path>
         <kind>archive</kind>
         <file>rtsv7M4_T_le_v4SPD16_eabi.lib</file>
         <name>strlen.c.obj</name>
      </input_file>
      <input_file id="fl-df">
         <path>/home/gustavo/Aplicativos/ti/ccs1000/ccs/tools/compiler/ti-cgt-arm_20.2.0.LTS/lib/</path>
         <kind>archive</kind>
         <file>rtsv7M4_T_le_v4SPD16_eabi.lib</file>
         <name>write.c.obj</name>
      </input_file>
      <input_file id="fl-e0">
         <path>/home/gustavo/Aplicativos/ti/ccs1000/ccs/tools/compiler/ti-cgt-arm_20.2.0.LTS/lib/</path>
         <kind>archive</kind>
         <file>rtsv7M4_T_le_v4SPD16_eabi.lib</file>
         <name>host_device.c.obj</name>
      </input_file>
      <input_file id="fl-e1">
         <path>/home/gustavo/Aplicativos/ti/ccs1000/ccs/tools/compiler/ti-cgt-arm_20.2.0.LTS/lib/</path>
         <kind>archive</kind>
         <file>rtsv7M4_T_le_v4SPD16_eabi.lib</file>
         <name>errno.c.obj</name>
      </input_file>
      <input_file id="fl-e2">
         <path>/home/gustavo/Aplicativos/ti/ccs1000/ccs/tools/compiler/ti-cgt-arm_20.2.0.LTS/lib/</path>
         <kind>archive</kind>
         <file>rtsv7M4_T_le_v4SPD16_eabi.lib</file>
         <name>boot_cortex_m.c.obj</name>
      </input_file>
      <input_file id="fl-e3">
         <path>/home/gustavo/Aplicativos/ti/ccs1000/ccs/tools/compiler/ti-cgt-arm_20.2.0.LTS/lib/</path>
         <kind>archive</kind>
         <file>rtsv7M4_T_le_v4SPD16_eabi.lib</file>
         <name>s_frexp.c.obj</name>
      </input_file>
      <input_file id="fl-e4">
         <path>/home/gustavo/Aplicativos/ti/ccs1000/ccs/tools/compiler/ti-cgt-arm_20.2.0.LTS/lib/</path>
         <kind>archive</kind>
         <file>rtsv7M4_T_le_v4SPD16_eabi.lib</file>
         <name>s_scalbn.c.obj</name>
      </input_file>
      <input_file id="fl-e5">
         <path>/home/gustavo/Aplicativos/ti/ccs1000/ccs/tools/compiler/ti-cgt-arm_20.2.0.LTS/lib/</path>
         <kind>archive</kind>
         <file>rtsv7M4_T_le_v4SPD16_eabi.lib</file>
         <name>s_copysign.c.obj</name>
      </input_file>
      <input_file id="fl-e6">
         <path>/home/gustavo/Aplicativos/ti/ccs1000/ccs/tools/compiler/ti-cgt-arm_20.2.0.LTS/lib/</path>
         <kind>archive</kind>
         <file>rtsv7M4_T_le_v4SPD16_eabi.lib</file>
         <name>wcslen.c.obj</name>
      </input_file>
      <input_file id="fl-e7">
         <path>/home/gustavo/Aplicativos/ti/ccs1000/ccs/tools/compiler/ti-cgt-arm_20.2.0.LTS/lib/</path>
         <kind>archive</kind>
         <file>rtsv7M4_T_le_v4SPD16_eabi.lib</file>
         <name>fflush.c.obj</name>
      </input_file>
      <input_file id="fl-e8">
         <path>/home/gustavo/Aplicativos/ti/ccs1000/ccs/tools/compiler/ti-cgt-arm_20.2.0.LTS/lib/</path>
         <kind>archive</kind>
         <file>rtsv7M4_T_le_v4SPD16_eabi.lib</file>
         <name>fopen.c.obj</name>
      </input_file>
      <input_file id="fl-e9">
         <path>/home/gustavo/Aplicativos/ti/ccs1000/ccs/tools/compiler/ti-cgt-arm_20.2.0.LTS/lib/</path>
         <kind>archive</kind>
         <file>rtsv7M4_T_le_v4SPD16_eabi.lib</file>
         <name>fseek.c.obj</name>
      </input_file>
      <input_file id="fl-ea">
         <path>/home/gustavo/Aplicativos/ti/ccs1000/ccs/tools/compiler/ti-cgt-arm_20.2.0.LTS/lib/</path>
         <kind>archive</kind>
         <file>rtsv7M4_T_le_v4SPD16_eabi.lib</file>
         <name>div0.asm.obj</name>
      </input_file>
      <input_file id="fl-eb">
         <path>/home/gustavo/Aplicativos/ti/ccs1000/ccs/tools/compiler/ti-cgt-arm_20.2.0.LTS/lib/</path>
         <kind>archive</kind>
         <file>rtsv7M4_T_le_v4SPD16_eabi.lib</file>
         <name>autoinit.c.obj</name>
      </input_file>
      <input_file id="fl-ec">
         <path>/home/gustavo/Aplicativos/ti/ccs1000/ccs/tools/compiler/ti-cgt-arm_20.2.0.LTS/lib/</path>
         <kind>archive</kind>
         <file>rtsv7M4_T_le_v4SPD16_eabi.lib</file>
         <name>pre_init.c.obj</name>
      </input_file>
      <input_file id="fl-ed">
         <path>/home/gustavo/Aplicativos/ti/ccs1000/ccs/tools/compiler/ti-cgt-arm_20.2.0.LTS/lib/</path>
         <kind>archive</kind>
         <file>rtsv7M4_T_le_v4SPD16_eabi.lib</file>
         <name>cpy_tbl.c.obj</name>
      </input_file>
      <input_file id="fl-ee">
         <path>/home/gustavo/Aplicativos/ti/ccs1000/ccs/tools/compiler/ti-cgt-arm_20.2.0.LTS/lib/</path>
         <kind>archive</kind>
         <file>rtsv7M4_T_le_v4SPD16_eabi.lib</file>
         <name>args_main.c.obj</name>
      </input_file>
      <input_file id="fl-ef">
         <path>/home/gustavo/Aplicativos/ti/ccs1000/ccs/tools/compiler/ti-cgt-arm_20.2.0.LTS/lib/</path>
         <kind>archive</kind>
         <file>rtsv7M4_T_le_v4SPD16_eabi.lib</file>
         <name>hostclose.c.obj</name>
      </input_file>
      <input_file id="fl-f0">
         <path>/home/gustavo/Aplicativos/ti/ccs1000/ccs/tools/compiler/ti-cgt-arm_20.2.0.LTS/lib/</path>
         <kind>archive</kind>
         <file>rtsv7M4_T_le_v4SPD16_eabi.lib</file>
         <name>hostlseek.c.obj</name>
      </input_file>
      <input_file id="fl-f1">
         <path>/home/gustavo/Aplicativos/ti/ccs1000/ccs/tools/compiler/ti-cgt-arm_20.2.0.LTS/lib/</path>
         <kind>archive</kind>
         <file>rtsv7M4_T_le_v4SPD16_eabi.lib</file>
         <name>hostopen.c.obj</name>
      </input_file>
      <input_file id="fl-f2">
         <path>/home/gustavo/Aplicativos/ti/ccs1000/ccs/tools/compiler/ti-cgt-arm_20.2.0.LTS/lib/</path>
         <kind>archive</kind>
         <file>rtsv7M4_T_le_v4SPD16_eabi.lib</file>
         <name>hostread.c.obj</name>
      </input_file>
      <input_file id="fl-f3">
         <path>/home/gustavo/Aplicativos/ti/ccs1000/ccs/tools/compiler/ti-cgt-arm_20.2.0.LTS/lib/</path>
         <kind>archive</kind>
         <file>rtsv7M4_T_le_v4SPD16_eabi.lib</file>
         <name>hostrename.c.obj</name>
      </input_file>
      <input_file id="fl-f4">
         <path>/home/gustavo/Aplicativos/ti/ccs1000/ccs/tools/compiler/ti-cgt-arm_20.2.0.LTS/lib/</path>
         <kind>archive</kind>
         <file>rtsv7M4_T_le_v4SPD16_eabi.lib</file>
         <name>hostunlink.c.obj</name>
      </input_file>
      <input_file id="fl-f5">
         <path>/home/gustavo/Aplicativos/ti/ccs1000/ccs/tools/compiler/ti-cgt-arm_20.2.0.LTS/lib/</path>
         <kind>archive</kind>
         <file>rtsv7M4_T_le_v4SPD16_eabi.lib</file>
         <name>hostwrite.c.obj</name>
      </input_file>
      <input_file id="fl-f6">
         <path>/home/gustavo/Aplicativos/ti/ccs1000/ccs/tools/compiler/ti-cgt-arm_20.2.0.LTS/lib/</path>
         <kind>archive</kind>
         <file>rtsv7M4_T_le_v4SPD16_eabi.lib</file>
         <name>trgmsg.c.obj</name>
      </input_file>
      <input_file id="fl-f7">
         <path>/home/gustavo/Aplicativos/ti/ccs1000/ccs/tools/compiler/ti-cgt-arm_20.2.0.LTS/lib/</path>
         <kind>archive</kind>
         <file>rtsv7M4_T_le_v4SPD16_eabi.lib</file>
         <name>open.c.obj</name>
      </input_file>
      <input_file id="fl-f8">
         <path>/home/gustavo/Aplicativos/ti/ccs1000/ccs/tools/compiler/ti-cgt-arm_20.2.0.LTS/lib/</path>
         <kind>archive</kind>
         <file>rtsv7M4_T_le_v4SPD16_eabi.lib</file>
         <name>lseek.c.obj</name>
      </input_file>
      <input_file id="fl-f9">
         <path>/home/gustavo/Aplicativos/ti/ccs1000/ccs/tools/compiler/ti-cgt-arm_20.2.0.LTS/lib/</path>
         <kind>archive</kind>
         <file>rtsv7M4_T_le_v4SPD16_eabi.lib</file>
         <name>fclose.c.obj</name>
      </input_file>
      <input_file id="fl-fa">
         <path>/home/gustavo/Aplicativos/ti/ccs1000/ccs/tools/compiler/ti-cgt-arm_20.2.0.LTS/lib/</path>
         <kind>archive</kind>
         <file>rtsv7M4_T_le_v4SPD16_eabi.lib</file>
         <name>getdevice.c.obj</name>
      </input_file>
      <input_file id="fl-fb">
         <path>/home/gustavo/Aplicativos/ti/ccs1000/ccs/tools/compiler/ti-cgt-arm_20.2.0.LTS/lib/</path>
         <kind>archive</kind>
         <file>rtsv7M4_T_le_v4SPD16_eabi.lib</file>
         <name>strcmp.c.obj</name>
      </input_file>
      <input_file id="fl-fc">
         <path>/home/gustavo/Aplicativos/ti/ccs1000/ccs/tools/compiler/ti-cgt-arm_20.2.0.LTS/lib/</path>
         <kind>archive</kind>
         <file>rtsv7M4_T_le_v4SPD16_eabi.lib</file>
         <name>strcpy.c.obj</name>
      </input_file>
      <input_file id="fl-fd">
         <path>/home/gustavo/Aplicativos/ti/ccs1000/ccs/tools/compiler/ti-cgt-arm_20.2.0.LTS/lib/</path>
         <kind>archive</kind>
         <file>rtsv7M4_T_le_v4SPD16_eabi.lib</file>
         <name>strncpy.c.obj</name>
      </input_file>
      <input_file id="fl-fe">
         <path>/home/gustavo/Aplicativos/ti/ccs1000/ccs/tools/compiler/ti-cgt-arm_20.2.0.LTS/lib/</path>
         <kind>archive</kind>
         <file>rtsv7M4_T_le_v4SPD16_eabi.lib</file>
         <name>remove.c.obj</name>
      </input_file>
      <input_file id="fl-ff">
         <path>/home/gustavo/Aplicativos/ti/ccs1000/ccs/tools/compiler/ti-cgt-arm_20.2.0.LTS/lib/</path>
         <kind>archive</kind>
         <file>rtsv7M4_T_le_v4SPD16_eabi.lib</file>
         <name>close.c.obj</name>
      </input_file>
      <input_file id="fl-100">
         <path>/home/gustavo/Aplicativos/ti/ccs1000/ccs/tools/compiler/ti-cgt-arm_20.2.0.LTS/lib/</path>
         <kind>archive</kind>
         <file>rtsv7M4_T_le_v4SPD16_eabi.lib</file>
         <name>unlink.c.obj</name>
      </input_file>
   </input_file_list>
   <object_component_list>
      <object_component id="oc-12">
         <name>.intvecs</name>
         <load_address>0x0</load_address>
         <run_address>0x0</run_address>
         <size>0x208</size>
         <input_file_ref idref="fl-2"/>
      </object_component>
      <object_component id="oc-7b">
         <name>.text</name>
         <load_address>0x208</load_address>
         <run_address>0x208</run_address>
         <size>0xf60</size>
         <input_file_ref idref="fl-7"/>
      </object_component>
      <object_component id="oc-81">
         <name>.text</name>
         <load_address>0x1168</load_address>
         <run_address>0x1168</run_address>
         <size>0xb40</size>
         <input_file_ref idref="fl-5"/>
      </object_component>
      <object_component id="oc-123">
         <name>.text:__TI_printfi</name>
         <load_address>0x1ca8</load_address>
         <run_address>0x1ca8</run_address>
         <size>0xa4e</size>
         <input_file_ref idref="fl-c3"/>
      </object_component>
      <object_component id="oc-239">
         <name>.text:_nop</name>
         <load_address>0x26f6</load_address>
         <run_address>0x26f6</run_address>
         <size>0x2</size>
         <input_file_ref idref="fl-d5"/>
      </object_component>
      <object_component id="oc-8d">
         <name>.text</name>
         <load_address>0x26f8</load_address>
         <run_address>0x26f8</run_address>
         <size>0x62e</size>
         <input_file_ref idref="fl-8"/>
      </object_component>
      <object_component id="oc-352">
         <name>.text</name>
         <load_address>0x2d26</load_address>
         <run_address>0x2d26</run_address>
         <size>0x2</size>
         <input_file_ref idref="fl-ea"/>
      </object_component>
      <object_component id="oc-30">
         <name>.text</name>
         <load_address>0x2d28</load_address>
         <run_address>0x2d28</run_address>
         <size>0x528</size>
         <input_file_ref idref="fl-1"/>
      </object_component>
      <object_component id="oc-9c">
         <name>.text</name>
         <load_address>0x3250</load_address>
         <run_address>0x3250</run_address>
         <size>0x3c0</size>
         <input_file_ref idref="fl-6"/>
      </object_component>
      <object_component id="oc-215">
         <name>.text:_pconv_a</name>
         <load_address>0x3610</load_address>
         <run_address>0x3610</run_address>
         <size>0x270</size>
         <input_file_ref idref="fl-c3"/>
      </object_component>
      <object_component id="oc-203">
         <name>.text:_pconv_g</name>
         <load_address>0x3880</load_address>
         <run_address>0x3880</run_address>
         <size>0x1d0</size>
         <input_file_ref idref="fl-c3"/>
      </object_component>
      <object_component id="oc-2c1">
         <name>.text</name>
         <load_address>0x3a50</load_address>
         <run_address>0x3a50</run_address>
         <size>0x1b6</size>
         <input_file_ref idref="fl-c8"/>
      </object_component>
      <object_component id="oc-20f">
         <name>.text:_pconv_e</name>
         <load_address>0x3c08</load_address>
         <run_address>0x3c08</run_address>
         <size>0x13c</size>
         <input_file_ref idref="fl-c3"/>
      </object_component>
      <object_component id="oc-2a7">
         <name>.text</name>
         <load_address>0x3d44</load_address>
         <run_address>0x3d44</run_address>
         <size>0x136</size>
         <input_file_ref idref="fl-ca"/>
      </object_component>
      <object_component id="oc-2d3">
         <name>.text:fcvt</name>
         <load_address>0x3e7c</load_address>
         <run_address>0x3e7c</run_address>
         <size>0x124</size>
         <input_file_ref idref="fl-c3"/>
      </object_component>
      <object_component id="oc-247">
         <name>.text:fputs</name>
         <load_address>0x3fa0</load_address>
         <run_address>0x3fa0</run_address>
         <size>0x114</size>
         <input_file_ref idref="fl-c5"/>
      </object_component>
      <object_component id="oc-2e7">
         <name>.text:scalbn</name>
         <load_address>0x40b4</load_address>
         <run_address>0x40b4</run_address>
         <size>0x110</size>
         <input_file_ref idref="fl-e4"/>
      </object_component>
      <object_component id="oc-409">
         <name>.text:aligned_alloc</name>
         <load_address>0x41c4</load_address>
         <run_address>0x41c4</run_address>
         <size>0x108</size>
         <input_file_ref idref="fl-dc"/>
      </object_component>
      <object_component id="oc-2a2">
         <name>.text</name>
         <load_address>0x42cc</load_address>
         <run_address>0x42cc</run_address>
         <size>0xfc</size>
         <input_file_ref idref="fl-cb"/>
      </object_component>
      <object_component id="oc-3c7">
         <name>.text:free</name>
         <load_address>0x43c8</load_address>
         <run_address>0x43c8</run_address>
         <size>0xe4</size>
         <input_file_ref idref="fl-dc"/>
      </object_component>
      <object_component id="oc-38d">
         <name>.text:setvbuf</name>
         <load_address>0x44ac</load_address>
         <run_address>0x44ac</run_address>
         <size>0xdc</size>
         <input_file_ref idref="fl-c7"/>
      </object_component>
      <object_component id="oc-1f8">
         <name>.text:_ltostr</name>
         <load_address>0x4588</load_address>
         <run_address>0x4588</run_address>
         <size>0xb1</size>
         <input_file_ref idref="fl-c3"/>
      </object_component>
      <object_component id="oc-44">
         <name>.text</name>
         <load_address>0x463a</load_address>
         <run_address>0x463a</run_address>
         <size>0x9c</size>
         <input_file_ref idref="fl-ce"/>
      </object_component>
      <object_component id="oc-29b">
         <name>.text</name>
         <load_address>0x46d6</load_address>
         <run_address>0x46d6</run_address>
         <size>0x96</size>
         <input_file_ref idref="fl-d0"/>
      </object_component>
      <object_component id="oc-24e">
         <name>.text:fputc</name>
         <load_address>0x476c</load_address>
         <run_address>0x476c</run_address>
         <size>0x8c</size>
         <input_file_ref idref="fl-c4"/>
      </object_component>
      <object_component id="oc-1fe">
         <name>.text:__aeabi_cdcmple</name>
         <load_address>0x47f8</load_address>
         <run_address>0x47f8</run_address>
         <size>0x86</size>
         <input_file_ref idref="fl-c9"/>
      </object_component>
      <object_component id="oc-2ac">
         <name>.text:__aeabi_cdrcmple</name>
         <load_address>0x487e</load_address>
         <run_address>0x487e</run_address>
         <size>0x86</size>
         <input_file_ref idref="fl-c9"/>
      </object_component>
      <object_component id="oc-da">
         <name>.text</name>
         <load_address>0x4904</load_address>
         <run_address>0x4904</run_address>
         <size>0x7a</size>
         <input_file_ref idref="fl-cf"/>
      </object_component>
      <object_component id="oc-410">
         <name>.text:__TI_closefile</name>
         <load_address>0x4980</load_address>
         <run_address>0x4980</run_address>
         <size>0x74</size>
         <input_file_ref idref="fl-f9"/>
      </object_component>
      <object_component id="oc-451">
         <name>.text:split</name>
         <load_address>0x49f4</load_address>
         <run_address>0x49f4</run_address>
         <size>0x70</size>
         <input_file_ref idref="fl-dc"/>
      </object_component>
      <object_component id="oc-2cc">
         <name>.text:_mcpy</name>
         <load_address>0x4a64</load_address>
         <run_address>0x4a64</run_address>
         <size>0x6e</size>
         <input_file_ref idref="fl-c3"/>
      </object_component>
      <object_component id="oc-440">
         <name>.text:HOSTrename</name>
         <load_address>0x4ad4</load_address>
         <run_address>0x4ad4</run_address>
         <size>0x6c</size>
         <input_file_ref idref="fl-f3"/>
      </object_component>
      <object_component id="oc-434">
         <name>.text:HOSTlseek</name>
         <load_address>0x4b40</load_address>
         <run_address>0x4b40</run_address>
         <size>0x68</size>
         <input_file_ref idref="fl-f0"/>
      </object_component>
      <object_component id="oc-15">
         <name>.text:decompress:lzss:__TI_decompress_lzss</name>
         <load_address>0x4ba8</load_address>
         <run_address>0x4ba8</run_address>
         <size>0x68</size>
         <input_file_ref idref="fl-d3"/>
      </object_component>
      <object_component id="oc-87">
         <name>.text:printf</name>
         <load_address>0x4c10</load_address>
         <run_address>0x4c10</run_address>
         <size>0x68</size>
         <input_file_ref idref="fl-c2"/>
      </object_component>
      <object_component id="oc-2e1">
         <name>.text:frexp</name>
         <load_address>0x4c78</load_address>
         <run_address>0x4c78</run_address>
         <size>0x64</size>
         <input_file_ref idref="fl-e3"/>
      </object_component>
      <object_component id="oc-387">
         <name>.text:fseek</name>
         <load_address>0x4cdc</load_address>
         <run_address>0x4cdc</run_address>
         <size>0x64</size>
         <input_file_ref idref="fl-e9"/>
      </object_component>
      <object_component id="oc-318">
         <name>.text:__TI_wrt_ok</name>
         <load_address>0x4d40</load_address>
         <run_address>0x4d40</run_address>
         <size>0x62</size>
         <input_file_ref idref="fl-c6"/>
      </object_component>
      <object_component id="oc-41c">
         <name>.text:HOSTopen</name>
         <load_address>0x4da4</load_address>
         <run_address>0x4da4</run_address>
         <size>0x60</size>
         <input_file_ref idref="fl-f1"/>
      </object_component>
      <object_component id="oc-458">
         <name>.text:close</name>
         <load_address>0x4e04</load_address>
         <run_address>0x4e04</run_address>
         <size>0x5c</size>
         <input_file_ref idref="fl-ff"/>
      </object_component>
      <object_component id="oc-428">
         <name>.text:HOSTread</name>
         <load_address>0x4e60</load_address>
         <run_address>0x4e60</run_address>
         <size>0x58</size>
         <input_file_ref idref="fl-f2"/>
      </object_component>
      <object_component id="oc-42e">
         <name>.text:HOSTwrite</name>
         <load_address>0x4eb8</load_address>
         <run_address>0x4eb8</run_address>
         <size>0x58</size>
         <input_file_ref idref="fl-f5"/>
      </object_component>
      <object_component id="oc-209">
         <name>.text:_pconv_f</name>
         <load_address>0x4f10</load_address>
         <run_address>0x4f10</run_address>
         <size>0x56</size>
         <input_file_ref idref="fl-c3"/>
      </object_component>
      <object_component id="oc-2b6">
         <name>.text:__TI_ltoa</name>
         <load_address>0x4f66</load_address>
         <run_address>0x4f66</run_address>
         <size>0x54</size>
         <input_file_ref idref="fl-d6"/>
      </object_component>
      <object_component id="oc-2c6">
         <name>.text:_ecpy</name>
         <load_address>0x4fba</load_address>
         <run_address>0x4fba</run_address>
         <size>0x52</size>
         <input_file_ref idref="fl-c3"/>
      </object_component>
      <object_component id="oc-324">
         <name>.text:__TI_doflush</name>
         <load_address>0x500c</load_address>
         <run_address>0x500c</run_address>
         <size>0x4c</size>
         <input_file_ref idref="fl-e7"/>
      </object_component>
      <object_component id="oc-1f2">
         <name>.text:atoi</name>
         <load_address>0x5058</load_address>
         <run_address>0x5058</run_address>
         <size>0x4c</size>
         <input_file_ref idref="fl-d7"/>
      </object_component>
      <object_component id="oc-19d">
         <name>.text:exit</name>
         <load_address>0x50a4</load_address>
         <run_address>0x50a4</run_address>
         <size>0x48</size>
         <input_file_ref idref="fl-d4"/>
      </object_component>
      <object_component id="oc-2b1">
         <name>.text</name>
         <load_address>0x50ec</load_address>
         <run_address>0x50ec</run_address>
         <size>0x48</size>
         <input_file_ref idref="fl-cc"/>
      </object_component>
      <object_component id="oc-422">
         <name>.text:HOSTclose</name>
         <load_address>0x5134</load_address>
         <run_address>0x5134</run_address>
         <size>0x44</size>
         <input_file_ref idref="fl-ef"/>
      </object_component>
      <object_component id="oc-43a">
         <name>.text:HOSTunlink</name>
         <load_address>0x5178</load_address>
         <run_address>0x5178</run_address>
         <size>0x44</size>
         <input_file_ref idref="fl-f4"/>
      </object_component>
      <object_component id="oc-1a3">
         <name>.text:__TI_auto_init_nobinit_nopinit:__TI_auto_init_nobinit_nopinit</name>
         <load_address>0x51bc</load_address>
         <run_address>0x51bc</run_address>
         <size>0x44</size>
         <input_file_ref idref="fl-eb"/>
      </object_component>
      <object_component id="oc-490">
         <name>.text:getdevice</name>
         <load_address>0x5200</load_address>
         <run_address>0x5200</run_address>
         <size>0x44</size>
         <input_file_ref idref="fl-fa"/>
      </object_component>
      <object_component id="oc-2d9">
         <name>.text:_fcpy</name>
         <load_address>0x5244</load_address>
         <run_address>0x5244</run_address>
         <size>0x3e</size>
         <input_file_ref idref="fl-c3"/>
      </object_component>
      <object_component id="oc-101">
         <name>.text</name>
         <load_address>0x5282</load_address>
         <run_address>0x5282</run_address>
         <size>0x3e</size>
         <input_file_ref idref="fl-3"/>
      </object_component>
      <object_component id="oc-469">
         <name>.text:__TI_writemsg</name>
         <load_address>0x52c0</load_address>
         <run_address>0x52c0</run_address>
         <size>0x38</size>
         <input_file_ref idref="fl-f6"/>
      </object_component>
      <object_component id="oc-4b2">
         <name>.text:strncpy</name>
         <load_address>0x52f8</load_address>
         <run_address>0x52f8</run_address>
         <size>0x36</size>
         <input_file_ref idref="fl-fd"/>
      </object_component>
      <object_component id="oc-3d3">
         <name>.text:__TI_cleanup</name>
         <load_address>0x5330</load_address>
         <run_address>0x5330</run_address>
         <size>0x34</size>
         <input_file_ref idref="fl-e8"/>
      </object_component>
      <object_component id="oc-46f">
         <name>.text:__TI_readmsg</name>
         <load_address>0x5364</load_address>
         <run_address>0x5364</run_address>
         <size>0x34</size>
         <input_file_ref idref="fl-f6"/>
      </object_component>
      <object_component id="oc-62">
         <name>.text:_c_int00_noargs:_c_int00_noargs</name>
         <load_address>0x5398</load_address>
         <run_address>0x5398</run_address>
         <size>0x34</size>
         <input_file_ref idref="fl-e2"/>
      </object_component>
      <object_component id="oc-4b8">
         <name>.text:finddevice</name>
         <load_address>0x53cc</load_address>
         <run_address>0x53cc</run_address>
         <size>0x30</size>
         <input_file_ref idref="fl-fa"/>
      </object_component>
      <object_component id="oc-2bc">
         <name>.text</name>
         <load_address>0x53fc</load_address>
         <run_address>0x53fc</run_address>
         <size>0x2e</size>
         <input_file_ref idref="fl-cd"/>
      </object_component>
      <object_component id="oc-45e">
         <name>.text:unlink</name>
         <load_address>0x542c</load_address>
         <run_address>0x542c</run_address>
         <size>0x2c</size>
         <input_file_ref idref="fl-100"/>
      </object_component>
      <object_component id="oc-402">
         <name>.text:free_list_insert</name>
         <load_address>0x5458</load_address>
         <run_address>0x5458</run_address>
         <size>0x28</size>
         <input_file_ref idref="fl-dc"/>
      </object_component>
      <object_component id="oc-3bf">
         <name>.text:lseek</name>
         <load_address>0x5480</load_address>
         <run_address>0x5480</run_address>
         <size>0x28</size>
         <input_file_ref idref="fl-f8"/>
      </object_component>
      <object_component id="oc-32a">
         <name>.text:write</name>
         <load_address>0x54a8</load_address>
         <run_address>0x54a8</run_address>
         <size>0x28</size>
         <input_file_ref idref="fl-df"/>
      </object_component>
      <object_component id="oc-31e">
         <name>.text:memchr</name>
         <load_address>0x54d0</load_address>
         <run_address>0x54d0</run_address>
         <size>0x20</size>
         <input_file_ref idref="fl-db"/>
      </object_component>
      <object_component id="oc-3fc">
         <name>.text:free_list_remove</name>
         <load_address>0x54f0</load_address>
         <run_address>0x54f0</run_address>
         <size>0x1c</size>
         <input_file_ref idref="fl-dc"/>
      </object_component>
      <object_component id="oc-21b">
         <name>.text:memccpy</name>
         <load_address>0x550c</load_address>
         <run_address>0x550c</run_address>
         <size>0x1c</size>
         <input_file_ref idref="fl-da"/>
      </object_component>
      <object_component id="oc-36b">
         <name>.text:copysign</name>
         <load_address>0x5528</load_address>
         <run_address>0x5528</run_address>
         <size>0x1a</size>
         <input_file_ref idref="fl-e5"/>
      </object_component>
      <object_component id="oc-4cf">
         <name>.text:strcmp</name>
         <load_address>0x5542</load_address>
         <run_address>0x5542</run_address>
         <size>0x18</size>
         <input_file_ref idref="fl-fb"/>
      </object_component>
      <object_component id="oc-2ed">
         <name>.text:strchr</name>
         <load_address>0x555a</load_address>
         <run_address>0x555a</run_address>
         <size>0x16</size>
         <input_file_ref idref="fl-dd"/>
      </object_component>
      <object_component id="oc-483">
         <name>.text:strcpy</name>
         <load_address>0x5570</load_address>
         <run_address>0x5570</run_address>
         <size>0x14</size>
         <input_file_ref idref="fl-fc"/>
      </object_component>
      <object_component id="oc-1ec">
         <name>.text:strlen</name>
         <load_address>0x5584</load_address>
         <run_address>0x5584</run_address>
         <size>0x14</size>
         <input_file_ref idref="fl-de"/>
      </object_component>
      <object_component id="oc-221">
         <name>.text:wcslen</name>
         <load_address>0x5598</load_address>
         <run_address>0x5598</run_address>
         <size>0x12</size>
         <input_file_ref idref="fl-e6"/>
      </object_component>
      <object_component id="oc-1b">
         <name>.text:decompress:none:__TI_decompress_none</name>
         <load_address>0x55aa</load_address>
         <run_address>0x55aa</run_address>
         <size>0xe</size>
         <input_file_ref idref="fl-d2"/>
      </object_component>
      <object_component id="oc-56">
         <name>.text:decompress:ZI:__TI_zero_init</name>
         <load_address>0x55b8</load_address>
         <run_address>0x55b8</run_address>
         <size>0xc</size>
         <input_file_ref idref="fl-d1"/>
      </object_component>
      <object_component id="oc-2a">
         <name>.text</name>
         <load_address>0x55c4</load_address>
         <run_address>0x55c4</run_address>
         <size>0xc</size>
         <input_file_ref idref="fl-2"/>
      </object_component>
      <object_component id="oc-227">
         <name>.text:__aeabi_errno_addr</name>
         <load_address>0x55d0</load_address>
         <run_address>0x55d0</run_address>
         <size>0x8</size>
         <input_file_ref idref="fl-e1"/>
      </object_component>
      <object_component id="oc-3cd">
         <name>.text:malloc</name>
         <load_address>0x55d8</load_address>
         <run_address>0x55d8</run_address>
         <size>0x8</size>
         <input_file_ref idref="fl-dc"/>
      </object_component>
      <object_component id="oc-110">
         <name>.text:SysCtlDelay</name>
         <load_address>0x55e0</load_address>
         <run_address>0x55e0</run_address>
         <size>0x6</size>
         <input_file_ref idref="fl-7"/>
      </object_component>
      <object_component id="oc-135">
         <name>.text:_outc</name>
         <load_address>0x55e6</load_address>
         <run_address>0x55e6</run_address>
         <size>0x4</size>
         <input_file_ref idref="fl-c2"/>
      </object_component>
      <object_component id="oc-12f">
         <name>.text:_outs</name>
         <load_address>0x55ea</load_address>
         <run_address>0x55ea</run_address>
         <size>0x4</size>
         <input_file_ref idref="fl-c2"/>
      </object_component>
      <object_component id="oc-e0">
         <name>.text:_system_pre_init</name>
         <load_address>0x55ee</load_address>
         <run_address>0x55ee</run_address>
         <size>0x4</size>
         <input_file_ref idref="fl-ec"/>
      </object_component>
      <object_component id="oc-197">
         <name>.text:abort:abort</name>
         <load_address>0x55f2</load_address>
         <run_address>0x55f2</run_address>
         <size>0x4</size>
         <input_file_ref idref="fl-d4"/>
      </object_component>
      <object_component id="oc-10d">
         <name>.const:g_pppui32XTALtoVCO</name>
         <load_address>0x55f8</load_address>
         <run_address>0x55f8</run_address>
         <size>0x1b0</size>
         <input_file_ref idref="fl-7"/>
      </object_component>
      <object_component id="oc-296">
         <name>.const:.string:_ctypes_</name>
         <load_address>0x57a8</load_address>
         <run_address>0x57a8</run_address>
         <size>0x101</size>
         <input_file_ref idref="fl-d8"/>
      </object_component>
      <object_component id="oc-118">
         <name>.const:g_ppui32GPIOIntMapBlizzard</name>
         <load_address>0x58ac</load_address>
         <run_address>0x58ac</run_address>
         <size>0xc0</size>
         <input_file_ref idref="fl-5"/>
      </object_component>
      <object_component id="oc-11b">
         <name>.const:g_ppui32GPIOIntMapSnowflake</name>
         <load_address>0x596c</load_address>
         <run_address>0x596c</run_address>
         <size>0xc0</size>
         <input_file_ref idref="fl-5"/>
      </object_component>
      <object_component id="oc-15b">
         <name>.const:g_pui32Regs</name>
         <load_address>0x5a2c</load_address>
         <run_address>0x5a2c</run_address>
         <size>0x9c</size>
         <input_file_ref idref="fl-6"/>
      </object_component>
      <object_component id="oc-11e">
         <name>.const:g_pui32GPIOBaseAddrs</name>
         <load_address>0x5ac8</load_address>
         <run_address>0x5ac8</run_address>
         <size>0x90</size>
         <input_file_ref idref="fl-5"/>
      </object_component>
      <object_component id="oc-107">
         <name>.const:g_pui32Xtals</name>
         <load_address>0x5b58</load_address>
         <run_address>0x5b58</run_address>
         <size>0x6c</size>
         <input_file_ref idref="fl-7"/>
      </object_component>
      <object_component id="oc-142">
         <name>.const:g_ppui32UARTIntMap</name>
         <load_address>0x5bc4</load_address>
         <run_address>0x5bc4</run_address>
         <size>0x40</size>
         <input_file_ref idref="fl-8"/>
      </object_component>
      <object_component id="oc-145">
         <name>.const:g_ppui32UARTIntMapSnowflake</name>
         <load_address>0x5c04</load_address>
         <run_address>0x5c04</run_address>
         <size>0x40</size>
         <input_file_ref idref="fl-8"/>
      </object_component>
      <object_component id="oc-fe">
         <name>.const:g_sXTALtoMEMTIM</name>
         <load_address>0x5c44</load_address>
         <run_address>0x5c44</run_address>
         <size>0x30</size>
         <input_file_ref idref="fl-7"/>
      </object_component>
      <object_component id="oc-158">
         <name>.const:g_pui32Priority</name>
         <load_address>0x5c74</load_address>
         <run_address>0x5c74</run_address>
         <size>0x20</size>
         <input_file_ref idref="fl-6"/>
      </object_component>
      <object_component id="oc-161">
         <name>.const:g_pui32Dii16Regs</name>
         <load_address>0x5c94</load_address>
         <run_address>0x5c94</run_address>
         <size>0x14</size>
         <input_file_ref idref="fl-6"/>
      </object_component>
      <object_component id="oc-15e">
         <name>.const:g_pui32EnRegs</name>
         <load_address>0x5ca8</load_address>
         <run_address>0x5ca8</run_address>
         <size>0x14</size>
         <input_file_ref idref="fl-6"/>
      </object_component>
      <object_component id="oc-164">
         <name>.const:g_pui32PendRegs</name>
         <load_address>0x5cbc</load_address>
         <run_address>0x5cbc</run_address>
         <size>0x14</size>
         <input_file_ref idref="fl-6"/>
      </object_component>
      <object_component id="oc-167">
         <name>.const:g_pui32UnpendRegs</name>
         <load_address>0x5cd0</load_address>
         <run_address>0x5cd0</run_address>
         <size>0x14</size>
         <input_file_ref idref="fl-6"/>
      </object_component>
      <object_component id="oc-10a">
         <name>.const:g_pui32VCOFrequencies</name>
         <load_address>0x5ce4</load_address>
         <run_address>0x5ce4</run_address>
         <size>0x8</size>
         <input_file_ref idref="fl-7"/>
      </object_component>
      <object_component id="oc-50a">
         <name>.cinit..data.load</name>
         <load_address>0x5cf0</load_address>
         <run_address>0x5cf0</run_address>
         <size>0x6f</size>
      </object_component>
      <object_component id="oc-507">
         <name>__TI_handler_table</name>
         <load_address>0x5d60</load_address>
         <run_address>0x5d60</run_address>
         <size>0xc</size>
      </object_component>
      <object_component id="oc-50b">
         <name>.cinit..bss.load</name>
         <load_address>0x5d70</load_address>
         <run_address>0x5d70</run_address>
         <size>0x8</size>
      </object_component>
      <object_component id="oc-509">
         <name>.cinit..vtable.load</name>
         <load_address>0x5d78</load_address>
         <run_address>0x5d78</run_address>
         <size>0x8</size>
      </object_component>
      <object_component id="oc-508">
         <name>__TI_cinit_table</name>
         <load_address>0x5d80</load_address>
         <run_address>0x5d80</run_address>
         <size>0x18</size>
      </object_component>
      <object_component id="oc-155">
         <name>.vtable</name>
         <uninitialized>true</uninitialized>
         <run_address>0x20000000</run_address>
         <size>0x26c</size>
         <input_file_ref idref="fl-6"/>
      </object_component>
      <object_component id="oc-99">
         <name>.data</name>
         <load_address>0x20001428</load_address>
         <run_address>0x20001428</run_address>
         <size>0x10</size>
         <input_file_ref idref="fl-1"/>
      </object_component>
      <object_component id="oc-278">
         <name>.data:$O1$$</name>
         <load_address>0x20001448</load_address>
         <run_address>0x20001448</run_address>
         <size>0xc</size>
         <input_file_ref idref="fl-d4"/>
      </object_component>
      <object_component id="oc-129">
         <name>.data:$O1$$</name>
         <load_address>0x20001454</load_address>
         <run_address>0x20001454</run_address>
         <size>0x8</size>
         <input_file_ref idref="fl-d5"/>
      </object_component>
      <object_component id="oc-12c">
         <name>.data:_ftable</name>
         <load_address>0x20001270</load_address>
         <run_address>0x20001270</run_address>
         <size>0xf0</size>
         <input_file_ref idref="fl-d9"/>
      </object_component>
      <object_component id="oc-416">
         <name>.data</name>
         <load_address>0x20001438</load_address>
         <run_address>0x20001438</run_address>
         <size>0x10</size>
         <input_file_ref idref="fl-d9"/>
      </object_component>
      <object_component id="oc-44c">
         <name>.data:$O1$$</name>
         <load_address>0x2000145c</load_address>
         <run_address>0x2000145c</run_address>
         <size>0x8</size>
         <input_file_ref idref="fl-dc"/>
      </object_component>
      <object_component id="oc-3e6">
         <name>.data:_device</name>
         <load_address>0x20001360</load_address>
         <run_address>0x20001360</run_address>
         <size>0x78</size>
         <input_file_ref idref="fl-e0"/>
      </object_component>
      <object_component id="oc-399">
         <name>.data:_stream</name>
         <load_address>0x200013d8</load_address>
         <run_address>0x200013d8</run_address>
         <size>0x50</size>
         <input_file_ref idref="fl-e0"/>
      </object_component>
      <object_component id="oc-2fd">
         <name>.data</name>
         <load_address>0x20001464</load_address>
         <run_address>0x20001464</run_address>
         <size>0x4</size>
         <input_file_ref idref="fl-e1"/>
      </object_component>
      <object_component id="oc-a6">
         <name>.bss:pt1</name>
         <uninitialized>true</uninitialized>
         <run_address>0x20001648</run_address>
         <size>0x2</size>
         <input_file_ref idref="fl-1"/>
      </object_component>
      <object_component id="oc-a9">
         <name>.bss:pt2</name>
         <uninitialized>true</uninitialized>
         <run_address>0x2000164a</run_address>
         <size>0x2</size>
         <input_file_ref idref="fl-1"/>
      </object_component>
      <object_component id="oc-ac">
         <name>.bss:pt3</name>
         <uninitialized>true</uninitialized>
         <run_address>0x2000164c</run_address>
         <size>0x2</size>
         <input_file_ref idref="fl-1"/>
      </object_component>
      <object_component id="oc-af">
         <name>.bss:pt_serial</name>
         <uninitialized>true</uninitialized>
         <run_address>0x2000164e</run_address>
         <size>0x2</size>
         <input_file_ref idref="fl-1"/>
      </object_component>
      <object_component id="oc-93">
         <name>.bss:timer1</name>
         <uninitialized>true</uninitialized>
         <run_address>0x20001628</run_address>
         <size>0x8</size>
         <input_file_ref idref="fl-1"/>
      </object_component>
      <object_component id="oc-96">
         <name>.bss:timer2</name>
         <uninitialized>true</uninitialized>
         <run_address>0x20001630</run_address>
         <size>0x8</size>
         <input_file_ref idref="fl-1"/>
      </object_component>
      <object_component id="oc-a2">
         <name>.bss:sUART</name>
         <uninitialized>true</uninitialized>
         <run_address>0x20001644</run_address>
         <size>0x4</size>
         <input_file_ref idref="fl-1"/>
      </object_component>
      <object_component id="oc-a5">
         <name>.bss</name>
         <uninitialized>true</uninitialized>
         <run_address>0x20001640</run_address>
         <size>0x4</size>
         <input_file_ref idref="fl-1"/>
      </object_component>
      <object_component id="oc-49a">
         <name>.bss:_CIOBUF_</name>
         <uninitialized>true</uninitialized>
         <run_address>0x20001468</run_address>
         <size>0x120</size>
         <input_file_ref idref="fl-f6"/>
      </object_component>
      <object_component id="oc-464">
         <name>.common:__TI_tmpnams</name>
         <uninitialized>true</uninitialized>
         <run_address>0x20001588</run_address>
         <size>0xa0</size>
      </object_component>
      <object_component id="oc-475">
         <name>.common:parmbuf</name>
         <uninitialized>true</uninitialized>
         <run_address>0x20001638</run_address>
         <size>0x8</size>
      </object_component>
      <object_component id="oc-24">
         <name>.sysmem</name>
         <uninitialized>true</uninitialized>
         <run_address>0x20000a70</run_address>
         <size>0x10</size>
         <input_file_ref idref="fl-dc"/>
      </object_component>
      <object_component id="oc-50e">
         <name>.sysmem</name>
         <uninitialized>true</uninitialized>
         <run_address>0x20000a70</run_address>
         <size>0x0</size>
      </object_component>
      <object_component id="oc-27">
         <name>.stack</name>
         <uninitialized>true</uninitialized>
         <run_address>0x20000270</run_address>
         <size>0x4</size>
         <input_file_ref idref="fl-e2"/>
      </object_component>
      <object_component id="oc-50d">
         <name>.stack</name>
         <uninitialized>true</uninitialized>
         <run_address>0x20000270</run_address>
         <size>0x0</size>
      </object_component>
      <object_component id="oc-b8">
         <name>.debug_info</name>
         <load_address>0x0</load_address>
         <run_address>0x0</run_address>
         <size>0x65b</size>
         <input_file_ref idref="fl-1"/>
      </object_component>
      <object_component id="oc-a7">
         <name>.debug_info</name>
         <load_address>0x65b</load_address>
         <run_address>0x65b</run_address>
         <size>0xc4</size>
         <input_file_ref idref="fl-1"/>
      </object_component>
      <object_component id="oc-aa">
         <name>.debug_info</name>
         <load_address>0x71f</load_address>
         <run_address>0x71f</run_address>
         <size>0xc4</size>
         <input_file_ref idref="fl-1"/>
      </object_component>
      <object_component id="oc-ad">
         <name>.debug_info</name>
         <load_address>0x7e3</load_address>
         <run_address>0x7e3</run_address>
         <size>0xc4</size>
         <input_file_ref idref="fl-1"/>
      </object_component>
      <object_component id="oc-b0">
         <name>.debug_info</name>
         <load_address>0x8a7</load_address>
         <run_address>0x8a7</run_address>
         <size>0xd0</size>
         <input_file_ref idref="fl-1"/>
      </object_component>
      <object_component id="oc-94">
         <name>.debug_info</name>
         <load_address>0x977</load_address>
         <run_address>0x977</run_address>
         <size>0xca</size>
         <input_file_ref idref="fl-1"/>
      </object_component>
      <object_component id="oc-97">
         <name>.debug_info</name>
         <load_address>0xa41</load_address>
         <run_address>0xa41</run_address>
         <size>0xca</size>
         <input_file_ref idref="fl-1"/>
      </object_component>
      <object_component id="oc-9a">
         <name>.debug_info</name>
         <load_address>0xb0b</load_address>
         <run_address>0xb0b</run_address>
         <size>0x112</size>
         <input_file_ref idref="fl-1"/>
      </object_component>
      <object_component id="oc-a3">
         <name>.debug_info</name>
         <load_address>0xc1d</load_address>
         <run_address>0xc1d</run_address>
         <size>0xc8</size>
         <input_file_ref idref="fl-1"/>
      </object_component>
      <object_component id="oc-31">
         <name>.debug_info</name>
         <load_address>0xce5</load_address>
         <run_address>0xce5</run_address>
         <size>0xac7</size>
         <input_file_ref idref="fl-1"/>
      </object_component>
      <object_component id="oc-c0">
         <name>.debug_info</name>
         <load_address>0x17ac</load_address>
         <run_address>0x17ac</run_address>
         <size>0x26b</size>
         <input_file_ref idref="fl-1"/>
      </object_component>
      <object_component id="oc-b3">
         <name>.debug_info</name>
         <load_address>0x1a17</load_address>
         <run_address>0x1a17</run_address>
         <size>0x8b</size>
         <input_file_ref idref="fl-1"/>
      </object_component>
      <object_component id="oc-182">
         <name>.debug_info</name>
         <load_address>0x1aa2</load_address>
         <run_address>0x1aa2</run_address>
         <size>0x2a4</size>
         <input_file_ref idref="fl-1"/>
      </object_component>
      <object_component id="oc-112">
         <name>.debug_info</name>
         <load_address>0x1d46</load_address>
         <run_address>0x1d46</run_address>
         <size>0xef</size>
         <input_file_ref idref="fl-1"/>
      </object_component>
      <object_component id="oc-b9">
         <name>.debug_info</name>
         <load_address>0x1e35</load_address>
         <run_address>0x1e35</run_address>
         <size>0xbb</size>
         <input_file_ref idref="fl-1"/>
      </object_component>
      <object_component id="oc-272">
         <name>.debug_info</name>
         <load_address>0x1ef0</load_address>
         <run_address>0x1ef0</run_address>
         <size>0x2c</size>
         <input_file_ref idref="fl-1"/>
      </object_component>
      <object_component id="oc-13d">
         <name>.debug_info</name>
         <load_address>0x1f1c</load_address>
         <run_address>0x1f1c</run_address>
         <size>0x2c</size>
         <input_file_ref idref="fl-1"/>
      </object_component>
      <object_component id="oc-175">
         <name>.debug_info</name>
         <load_address>0x1f48</load_address>
         <run_address>0x1f48</run_address>
         <size>0x41</size>
         <input_file_ref idref="fl-1"/>
      </object_component>
      <object_component id="oc-16e">
         <name>.debug_info</name>
         <load_address>0x1f89</load_address>
         <run_address>0x1f89</run_address>
         <size>0x41</size>
         <input_file_ref idref="fl-1"/>
      </object_component>
      <object_component id="oc-14c">
         <name>.debug_info</name>
         <load_address>0x1fca</load_address>
         <run_address>0x1fca</run_address>
         <size>0x55</size>
         <input_file_ref idref="fl-1"/>
      </object_component>
      <object_component id="oc-38">
         <name>.debug_info</name>
         <load_address>0x201f</load_address>
         <run_address>0x201f</run_address>
         <size>0x2eb</size>
         <input_file_ref idref="fl-2"/>
      </object_component>
      <object_component id="oc-13">
         <name>.debug_info</name>
         <load_address>0x230a</load_address>
         <run_address>0x230a</run_address>
         <size>0xec</size>
         <input_file_ref idref="fl-2"/>
      </object_component>
      <object_component id="oc-2b">
         <name>.debug_info</name>
         <load_address>0x23f6</load_address>
         <run_address>0x23f6</run_address>
         <size>0x26b</size>
         <input_file_ref idref="fl-2"/>
      </object_component>
      <object_component id="oc-3f">
         <name>.debug_info</name>
         <load_address>0x2661</load_address>
         <run_address>0x2661</run_address>
         <size>0x84</size>
         <input_file_ref idref="fl-2"/>
      </object_component>
      <object_component id="oc-102">
         <name>.debug_info</name>
         <load_address>0x26e5</load_address>
         <run_address>0x26e5</run_address>
         <size>0x338</size>
         <input_file_ref idref="fl-3"/>
      </object_component>
      <object_component id="oc-122">
         <name>.debug_info</name>
         <load_address>0x2a1d</load_address>
         <run_address>0x2a1d</run_address>
         <size>0x34c</size>
         <input_file_ref idref="fl-5"/>
      </object_component>
      <object_component id="oc-119">
         <name>.debug_info</name>
         <load_address>0x2d69</load_address>
         <run_address>0x2d69</run_address>
         <size>0xfc</size>
         <input_file_ref idref="fl-5"/>
      </object_component>
      <object_component id="oc-11c">
         <name>.debug_info</name>
         <load_address>0x2e65</load_address>
         <run_address>0x2e65</run_address>
         <size>0xfe</size>
         <input_file_ref idref="fl-5"/>
      </object_component>
      <object_component id="oc-11f">
         <name>.debug_info</name>
         <load_address>0x2f63</load_address>
         <run_address>0x2f63</run_address>
         <size>0xf0</size>
         <input_file_ref idref="fl-5"/>
      </object_component>
      <object_component id="oc-82">
         <name>.debug_info</name>
         <load_address>0x3053</load_address>
         <run_address>0x3053</run_address>
         <size>0x2e8c</size>
         <input_file_ref idref="fl-5"/>
      </object_component>
      <object_component id="oc-16b">
         <name>.debug_info</name>
         <load_address>0x5edf</load_address>
         <run_address>0x5edf</run_address>
         <size>0x339</size>
         <input_file_ref idref="fl-6"/>
      </object_component>
      <object_component id="oc-159">
         <name>.debug_info</name>
         <load_address>0x6218</load_address>
         <run_address>0x6218</run_address>
         <size>0xeb</size>
         <input_file_ref idref="fl-6"/>
      </object_component>
      <object_component id="oc-15c">
         <name>.debug_info</name>
         <load_address>0x6303</load_address>
         <run_address>0x6303</run_address>
         <size>0xe3</size>
         <input_file_ref idref="fl-6"/>
      </object_component>
      <object_component id="oc-15f">
         <name>.debug_info</name>
         <load_address>0x63e6</load_address>
         <run_address>0x63e6</run_address>
         <size>0xe7</size>
         <input_file_ref idref="fl-6"/>
      </object_component>
      <object_component id="oc-162">
         <name>.debug_info</name>
         <load_address>0x64cd</load_address>
         <run_address>0x64cd</run_address>
         <size>0xed</size>
         <input_file_ref idref="fl-6"/>
      </object_component>
      <object_component id="oc-165">
         <name>.debug_info</name>
         <load_address>0x65ba</load_address>
         <run_address>0x65ba</run_address>
         <size>0xeb</size>
         <input_file_ref idref="fl-6"/>
      </object_component>
      <object_component id="oc-168">
         <name>.debug_info</name>
         <load_address>0x66a5</load_address>
         <run_address>0x66a5</run_address>
         <size>0xef</size>
         <input_file_ref idref="fl-6"/>
      </object_component>
      <object_component id="oc-156">
         <name>.debug_info</name>
         <load_address>0x6794</load_address>
         <run_address>0x6794</run_address>
         <size>0xec</size>
         <input_file_ref idref="fl-6"/>
      </object_component>
      <object_component id="oc-9d">
         <name>.debug_info</name>
         <load_address>0x6880</load_address>
         <run_address>0x6880</run_address>
         <size>0xcec</size>
         <input_file_ref idref="fl-6"/>
      </object_component>
      <object_component id="oc-117">
         <name>.debug_info</name>
         <load_address>0x756c</load_address>
         <run_address>0x756c</run_address>
         <size>0x3be</size>
         <input_file_ref idref="fl-7"/>
      </object_component>
      <object_component id="oc-108">
         <name>.debug_info</name>
         <load_address>0x792a</load_address>
         <run_address>0x792a</run_address>
         <size>0xe2</size>
         <input_file_ref idref="fl-7"/>
      </object_component>
      <object_component id="oc-10e">
         <name>.debug_info</name>
         <load_address>0x7a0c</load_address>
         <run_address>0x7a0c</run_address>
         <size>0xee</size>
         <input_file_ref idref="fl-7"/>
      </object_component>
      <object_component id="oc-ff">
         <name>.debug_info</name>
         <load_address>0x7afa</load_address>
         <run_address>0x7afa</run_address>
         <size>0xe8</size>
         <input_file_ref idref="fl-7"/>
      </object_component>
      <object_component id="oc-10b">
         <name>.debug_info</name>
         <load_address>0x7be2</load_address>
         <run_address>0x7be2</run_address>
         <size>0xf5</size>
         <input_file_ref idref="fl-7"/>
      </object_component>
      <object_component id="oc-7c">
         <name>.debug_info</name>
         <load_address>0x7cd7</load_address>
         <run_address>0x7cd7</run_address>
         <size>0x2b16</size>
         <input_file_ref idref="fl-7"/>
      </object_component>
      <object_component id="oc-1e0">
         <name>.debug_info</name>
         <load_address>0xa7ed</load_address>
         <run_address>0xa7ed</run_address>
         <size>0x51</size>
         <input_file_ref idref="fl-7"/>
      </object_component>
      <object_component id="oc-149">
         <name>.debug_info</name>
         <load_address>0xa83e</load_address>
         <run_address>0xa83e</run_address>
         <size>0x33e</size>
         <input_file_ref idref="fl-8"/>
      </object_component>
      <object_component id="oc-143">
         <name>.debug_info</name>
         <load_address>0xab7c</load_address>
         <run_address>0xab7c</run_address>
         <size>0xec</size>
         <input_file_ref idref="fl-8"/>
      </object_component>
      <object_component id="oc-146">
         <name>.debug_info</name>
         <load_address>0xac68</load_address>
         <run_address>0xac68</run_address>
         <size>0xfe</size>
         <input_file_ref idref="fl-8"/>
      </object_component>
      <object_component id="oc-8e">
         <name>.debug_info</name>
         <load_address>0xad66</load_address>
         <run_address>0xad66</run_address>
         <size>0x26fe</size>
         <input_file_ref idref="fl-8"/>
      </object_component>
      <object_component id="oc-13c">
         <name>.debug_info</name>
         <load_address>0xd464</load_address>
         <run_address>0xd464</run_address>
         <size>0x3e5</size>
         <input_file_ref idref="fl-c2"/>
      </object_component>
      <object_component id="oc-136">
         <name>.debug_info</name>
         <load_address>0xd849</load_address>
         <run_address>0xd849</run_address>
         <size>0x157</size>
         <input_file_ref idref="fl-c2"/>
      </object_component>
      <object_component id="oc-130">
         <name>.debug_info</name>
         <load_address>0xd9a0</load_address>
         <run_address>0xd9a0</run_address>
         <size>0x166</size>
         <input_file_ref idref="fl-c2"/>
      </object_component>
      <object_component id="oc-88">
         <name>.debug_info</name>
         <load_address>0xdb06</load_address>
         <run_address>0xdb06</run_address>
         <size>0x1ac</size>
         <input_file_ref idref="fl-c2"/>
      </object_component>
      <object_component id="oc-257">
         <name>.debug_info</name>
         <load_address>0xdcb2</load_address>
         <run_address>0xdcb2</run_address>
         <size>0xb2</size>
         <input_file_ref idref="fl-c2"/>
      </object_component>
      <object_component id="oc-22e">
         <name>.debug_info</name>
         <load_address>0xdd64</load_address>
         <run_address>0xdd64</run_address>
         <size>0x590</size>
         <input_file_ref idref="fl-c3"/>
      </object_component>
      <object_component id="oc-1f9">
         <name>.debug_info</name>
         <load_address>0xe2f4</load_address>
         <run_address>0xe2f4</run_address>
         <size>0x21e</size>
         <input_file_ref idref="fl-c3"/>
      </object_component>
      <object_component id="oc-2c7">
         <name>.debug_info</name>
         <load_address>0xe512</load_address>
         <run_address>0xe512</run_address>
         <size>0x1b3</size>
         <input_file_ref idref="fl-c3"/>
      </object_component>
      <object_component id="oc-2cd">
         <name>.debug_info</name>
         <load_address>0xe6c5</load_address>
         <run_address>0xe6c5</run_address>
         <size>0x21b</size>
         <input_file_ref idref="fl-c3"/>
      </object_component>
      <object_component id="oc-204">
         <name>.debug_info</name>
         <load_address>0xe8e0</load_address>
         <run_address>0xe8e0</run_address>
         <size>0x3c0</size>
         <input_file_ref idref="fl-c3"/>
      </object_component>
      <object_component id="oc-2d4">
         <name>.debug_info</name>
         <load_address>0xeca0</load_address>
         <run_address>0xeca0</run_address>
         <size>0x30a</size>
         <input_file_ref idref="fl-c3"/>
      </object_component>
      <object_component id="oc-2da">
         <name>.debug_info</name>
         <load_address>0xefaa</load_address>
         <run_address>0xefaa</run_address>
         <size>0x215</size>
         <input_file_ref idref="fl-c3"/>
      </object_component>
      <object_component id="oc-20a">
         <name>.debug_info</name>
         <load_address>0xf1bf</load_address>
         <run_address>0xf1bf</run_address>
         <size>0x215</size>
         <input_file_ref idref="fl-c3"/>
      </object_component>
      <object_component id="oc-210">
         <name>.debug_info</name>
         <load_address>0xf3d4</load_address>
         <run_address>0xf3d4</run_address>
         <size>0x304</size>
         <input_file_ref idref="fl-c3"/>
      </object_component>
      <object_component id="oc-216">
         <name>.debug_info</name>
         <load_address>0xf6d8</load_address>
         <run_address>0xf6d8</run_address>
         <size>0x4b5</size>
         <input_file_ref idref="fl-c3"/>
      </object_component>
      <object_component id="oc-124">
         <name>.debug_info</name>
         <load_address>0xfb8d</load_address>
         <run_address>0xfb8d</run_address>
         <size>0x5f4</size>
         <input_file_ref idref="fl-c3"/>
      </object_component>
      <object_component id="oc-22f">
         <name>.debug_info</name>
         <load_address>0x10181</load_address>
         <run_address>0x10181</run_address>
         <size>0x86</size>
         <input_file_ref idref="fl-c3"/>
      </object_component>
      <object_component id="oc-309">
         <name>.debug_info</name>
         <load_address>0x10207</load_address>
         <run_address>0x10207</run_address>
         <size>0x39</size>
         <input_file_ref idref="fl-c3"/>
      </object_component>
      <object_component id="oc-382">
         <name>.debug_info</name>
         <load_address>0x10240</load_address>
         <run_address>0x10240</run_address>
         <size>0xb6</size>
         <input_file_ref idref="fl-c3"/>
      </object_component>
      <object_component id="oc-30e">
         <name>.debug_info</name>
         <load_address>0x102f6</load_address>
         <run_address>0x102f6</run_address>
         <size>0x46</size>
         <input_file_ref idref="fl-c3"/>
      </object_component>
      <object_component id="oc-234">
         <name>.debug_info</name>
         <load_address>0x1033c</load_address>
         <run_address>0x1033c</run_address>
         <size>0x46</size>
         <input_file_ref idref="fl-c3"/>
      </object_component>
      <object_component id="oc-304">
         <name>.debug_info</name>
         <load_address>0x10382</load_address>
         <run_address>0x10382</run_address>
         <size>0x2c</size>
         <input_file_ref idref="fl-c3"/>
      </object_component>
      <object_component id="oc-333">
         <name>.debug_info</name>
         <load_address>0x103ae</load_address>
         <run_address>0x103ae</run_address>
         <size>0x383</size>
         <input_file_ref idref="fl-c4"/>
      </object_component>
      <object_component id="oc-24f">
         <name>.debug_info</name>
         <load_address>0x10731</load_address>
         <run_address>0x10731</run_address>
         <size>0x1ea</size>
         <input_file_ref idref="fl-c4"/>
      </object_component>
      <object_component id="oc-331">
         <name>.debug_info</name>
         <load_address>0x1091b</load_address>
         <run_address>0x1091b</run_address>
         <size>0x3fc</size>
         <input_file_ref idref="fl-c5"/>
      </object_component>
      <object_component id="oc-248">
         <name>.debug_info</name>
         <load_address>0x10d17</load_address>
         <run_address>0x10d17</run_address>
         <size>0x2e2</size>
         <input_file_ref idref="fl-c5"/>
      </object_component>
      <object_component id="oc-18e">
         <name>.debug_info</name>
         <load_address>0x10ff9</load_address>
         <run_address>0x10ff9</run_address>
         <size>0x2c</size>
         <input_file_ref idref="fl-c5"/>
      </object_component>
      <object_component id="oc-394">
         <name>.debug_info</name>
         <load_address>0x11025</load_address>
         <run_address>0x11025</run_address>
         <size>0x300</size>
         <input_file_ref idref="fl-c6"/>
      </object_component>
      <object_component id="oc-319">
         <name>.debug_info</name>
         <load_address>0x11325</load_address>
         <run_address>0x11325</run_address>
         <size>0x19c</size>
         <input_file_ref idref="fl-c6"/>
      </object_component>
      <object_component id="oc-3db">
         <name>.debug_info</name>
         <load_address>0x114c1</load_address>
         <run_address>0x114c1</run_address>
         <size>0xbf</size>
         <input_file_ref idref="fl-c6"/>
      </object_component>
      <object_component id="oc-3da">
         <name>.debug_info</name>
         <load_address>0x11580</load_address>
         <run_address>0x11580</run_address>
         <size>0x374</size>
         <input_file_ref idref="fl-c7"/>
      </object_component>
      <object_component id="oc-38e">
         <name>.debug_info</name>
         <load_address>0x118f4</load_address>
         <run_address>0x118f4</run_address>
         <size>0x20b</size>
         <input_file_ref idref="fl-c7"/>
      </object_component>
      <object_component id="oc-2c2">
         <name>.debug_info</name>
         <load_address>0x11aff</load_address>
         <run_address>0x11aff</run_address>
         <size>0x14c</size>
         <input_file_ref idref="fl-c8"/>
      </object_component>
      <object_component id="oc-1ff">
         <name>.debug_info</name>
         <load_address>0x11c4b</load_address>
         <run_address>0x11c4b</run_address>
         <size>0x128</size>
         <input_file_ref idref="fl-c9"/>
      </object_component>
      <object_component id="oc-2ad">
         <name>.debug_info</name>
         <load_address>0x11d73</load_address>
         <run_address>0x11d73</run_address>
         <size>0x12a</size>
         <input_file_ref idref="fl-c9"/>
      </object_component>
      <object_component id="oc-2a8">
         <name>.debug_info</name>
         <load_address>0x11e9d</load_address>
         <run_address>0x11e9d</run_address>
         <size>0x13a</size>
         <input_file_ref idref="fl-ca"/>
      </object_component>
      <object_component id="oc-2a3">
         <name>.debug_info</name>
         <load_address>0x11fd7</load_address>
         <run_address>0x11fd7</run_address>
         <size>0x13a</size>
         <input_file_ref idref="fl-cb"/>
      </object_component>
      <object_component id="oc-2b2">
         <name>.debug_info</name>
         <load_address>0x12111</load_address>
         <run_address>0x12111</run_address>
         <size>0x12e</size>
         <input_file_ref idref="fl-cc"/>
      </object_component>
      <object_component id="oc-2bd">
         <name>.debug_info</name>
         <load_address>0x1223f</load_address>
         <run_address>0x1223f</run_address>
         <size>0x12c</size>
         <input_file_ref idref="fl-cd"/>
      </object_component>
      <object_component id="oc-45">
         <name>.debug_info</name>
         <load_address>0x1236b</load_address>
         <run_address>0x1236b</run_address>
         <size>0x119</size>
         <input_file_ref idref="fl-ce"/>
      </object_component>
      <object_component id="oc-db">
         <name>.debug_info</name>
         <load_address>0x12484</load_address>
         <run_address>0x12484</run_address>
         <size>0x147</size>
         <input_file_ref idref="fl-cf"/>
      </object_component>
      <object_component id="oc-29c">
         <name>.debug_info</name>
         <load_address>0x125cb</load_address>
         <run_address>0x125cb</run_address>
         <size>0x134</size>
         <input_file_ref idref="fl-d0"/>
      </object_component>
      <object_component id="oc-d9">
         <name>.debug_info</name>
         <load_address>0x126ff</load_address>
         <run_address>0x126ff</run_address>
         <size>0x2d4</size>
         <input_file_ref idref="fl-d1"/>
      </object_component>
      <object_component id="oc-57">
         <name>.debug_info</name>
         <load_address>0x129d3</load_address>
         <run_address>0x129d3</run_address>
         <size>0x1b5</size>
         <input_file_ref idref="fl-d1"/>
      </object_component>
      <object_component id="oc-d4">
         <name>.debug_info</name>
         <load_address>0x12b88</load_address>
         <run_address>0x12b88</run_address>
         <size>0x46</size>
         <input_file_ref idref="fl-d1"/>
      </object_component>
      <object_component id="oc-4f">
         <name>.debug_info</name>
         <load_address>0x12bce</load_address>
         <run_address>0x12bce</run_address>
         <size>0x2a8</size>
         <input_file_ref idref="fl-d2"/>
      </object_component>
      <object_component id="oc-1c">
         <name>.debug_info</name>
         <load_address>0x12e76</load_address>
         <run_address>0x12e76</run_address>
         <size>0x1ea</size>
         <input_file_ref idref="fl-d2"/>
      </object_component>
      <object_component id="oc-4a">
         <name>.debug_info</name>
         <load_address>0x13060</load_address>
         <run_address>0x13060</run_address>
         <size>0x46</size>
         <input_file_ref idref="fl-d2"/>
      </object_component>
      <object_component id="oc-cc">
         <name>.debug_info</name>
         <load_address>0x130a6</load_address>
         <run_address>0x130a6</run_address>
         <size>0x2c</size>
         <input_file_ref idref="fl-d2"/>
      </object_component>
      <object_component id="oc-ca">
         <name>.debug_info</name>
         <load_address>0x130d2</load_address>
         <run_address>0x130d2</run_address>
         <size>0x29e</size>
         <input_file_ref idref="fl-d3"/>
      </object_component>
      <object_component id="oc-16">
         <name>.debug_info</name>
         <load_address>0x13370</load_address>
         <run_address>0x13370</run_address>
         <size>0x250</size>
         <input_file_ref idref="fl-d3"/>
      </object_component>
      <object_component id="oc-3a">
         <name>.debug_info</name>
         <load_address>0x135c0</load_address>
         <run_address>0x135c0</run_address>
         <size>0x60</size>
         <input_file_ref idref="fl-d3"/>
      </object_component>
      <object_component id="oc-187">
         <name>.debug_info</name>
         <load_address>0x13620</load_address>
         <run_address>0x13620</run_address>
         <size>0x46</size>
         <input_file_ref idref="fl-d3"/>
      </object_component>
      <object_component id="oc-c5">
         <name>.debug_info</name>
         <load_address>0x13666</load_address>
         <run_address>0x13666</run_address>
         <size>0x39</size>
         <input_file_ref idref="fl-d3"/>
      </object_component>
      <object_component id="oc-27c">
         <name>.debug_info</name>
         <load_address>0x1369f</load_address>
         <run_address>0x1369f</run_address>
         <size>0x3ad</size>
         <input_file_ref idref="fl-d4"/>
      </object_component>
      <object_component id="oc-279">
         <name>.debug_info</name>
         <load_address>0x13a4c</load_address>
         <run_address>0x13a4c</run_address>
         <size>0x190</size>
         <input_file_ref idref="fl-d4"/>
      </object_component>
      <object_component id="oc-198">
         <name>.debug_info</name>
         <load_address>0x13bdc</load_address>
         <run_address>0x13bdc</run_address>
         <size>0x122</size>
         <input_file_ref idref="fl-d4"/>
      </object_component>
      <object_component id="oc-19e">
         <name>.debug_info</name>
         <load_address>0x13cfe</load_address>
         <run_address>0x13cfe</run_address>
         <size>0x184</size>
         <input_file_ref idref="fl-d4"/>
[...]
         <object_component_ref idref="oc-8d"/>
      </symbol>
      <symbol id="sm-4a7">
         <name>UARTCharPut</name>
         <value>0x2afd</value>
         <object_component_ref idref="oc-8d"/>
      </symbol>
      <symbol id="sm-4a8">
         <name>UARTParityModeSet</name>
         <value>0x2757</value>
         <object_component_ref idref="oc-8d"/>
      </symbol>
      <symbol id="sm-4a9">
         <name>UARTRxErrorGet</name>
         <value>0x2c31</value>
         <object_component_ref idref="oc-8d"/>
      </symbol>
      <symbol id="sm-4aa">
         <name>UARTConfigGetExpClk</name>
         <value>0x283b</value>
         <object_component_ref idref="oc-8d"/>
      </symbol>
      <symbol id="sm-4ab">
         <name>UARTEnableSIR</name>
         <value>0x2901</value>
         <object_component_ref idref="oc-8d"/>
      </symbol>
      <symbol id="sm-4ac">
         <name>UARTEnable</name>
         <value>0x2887</value>
         <object_component_ref idref="oc-8d"/>
      </symbol>
      <symbol id="sm-4ad">
         <name>UART9BitAddrSend</name>
         <value>0x2cc9</value>
         <object_component_ref idref="oc-8d"/>
      </symbol>
      <symbol id="sm-4ae">
         <name>UARTModemControlGet</name>
         <value>0x29e9</value>
         <object_component_ref idref="oc-8d"/>
      </symbol>
      <symbol id="sm-4af">
         <name>UARTSmartCardEnable</name>
         <value>0x2945</value>
         <object_component_ref idref="oc-8d"/>
      </symbol>
      <symbol id="sm-4b0">
         <name>UARTFlowControlGet</name>
         <value>0x2a2b</value>
         <object_component_ref idref="oc-8d"/>
      </symbol>
      <symbol id="sm-4b1">
         <name>UARTFIFOEnable</name>
         <value>0x28d5</value>
         <object_component_ref idref="oc-8d"/>
      </symbol>
      <symbol id="sm-4b2">
         <name>UARTIntClear</name>
         <value>0x2bef</value>
         <object_component_ref idref="oc-8d"/>
      </symbol>
      <symbol id="sm-4b3">
         <name>UARTIntStatus</name>
         <value>0x2bd1</value>
         <object_component_ref idref="oc-8d"/>
      </symbol>
      <symbol id="sm-4b4">
         <name>UARTDMADisable</name>
         <value>0x2c19</value>
         <object_component_ref idref="oc-8d"/>
      </symbol>
      <symbol id="sm-4b5">
         <name>UART9BitEnable</name>
         <value>0x2c77</value>
         <object_component_ref idref="oc-8d"/>
      </symbol>
      <symbol id="sm-4b6">
         <name>UARTSpaceAvail</name>
         <value>0x2a89</value>
         <object_component_ref idref="oc-8d"/>
      </symbol>
      <symbol id="sm-4b7">
         <name>UARTCharGet</name>
         <value>0x2ac3</value>
         <object_component_ref idref="oc-8d"/>
      </symbol>
      <symbol id="sm-4b8">
         <name>UARTFIFOLevelSet</name>
         <value>0x2785</value>
         <object_component_ref idref="oc-8d"/>
      </symbol>
      <symbol id="sm-4b9">
         <name>UARTModemControlClear</name>
         <value>0x29c5</value>
         <object_component_ref idref="oc-8d"/>
      </symbol>
      <symbol id="sm-4ba">
         <name>UARTParityModeGet</name>
         <value>0x2773</value>
         <object_component_ref idref="oc-8d"/>
      </symbol>
      <symbol id="sm-4bb">
         <name>UARTIntRegister</name>
         <value>0x2b63</value>
         <object_component_ref idref="oc-8d"/>
      </symbol>
      <symbol id="sm-4bc">
         <name>UARTBreakCtl</name>
         <value>0x2b1b</value>
         <object_component_ref idref="oc-8d"/>
      </symbol>
      <symbol id="sm-4bd">
         <name>UART9BitAddrSet</name>
         <value>0x2ca3</value>
         <object_component_ref idref="oc-8d"/>
      </symbol>
      <symbol id="sm-4e9">
         <name>printf</name>
         <value>0x4c11</value>
         <object_component_ref idref="oc-87"/>
      </symbol>
      <symbol id="sm-653">
         <name>__TI_printfi</name>
         <value>0x1ca9</value>
         <object_component_ref idref="oc-123"/>
      </symbol>
      <symbol id="sm-668">
         <name>putc</name>
         <value>0x476d</value>
         <object_component_ref idref="oc-24e"/>
      </symbol>
      <symbol id="sm-669">
         <name>fputc</name>
         <value>0x476d</value>
         <object_component_ref idref="oc-24e"/>
      </symbol>
      <symbol id="sm-68c">
         <name>fputs</name>
         <value>0x3fa1</value>
         <object_component_ref idref="oc-247"/>
      </symbol>
      <symbol id="sm-6a4">
         <name>__TI_wrt_ok</name>
         <value>0x4d41</value>
         <object_component_ref idref="oc-318"/>
      </symbol>
      <symbol id="sm-6c0">
         <name>setvbuf</name>
         <value>0x44ad</value>
         <object_component_ref idref="oc-38d"/>
      </symbol>
      <symbol id="sm-6d7">
         <name>__aeabi_dsub</name>
         <value>0x3a51</value>
         <object_component_ref idref="oc-2c1"/>
      </symbol>
      <symbol id="sm-6d8">
         <name>__aeabi_dadd</name>
         <value>0x3a5b</value>
         <object_component_ref idref="oc-2c1"/>
      </symbol>
      <symbol id="sm-6fa">
         <name>__aeabi_cdcmpeq</name>
         <value>0x47f9</value>
         <object_component_ref idref="oc-1fe"/>
      </symbol>
      <symbol id="sm-6fb">
         <name>__aeabi_cdcmple</name>
         <value>0x47f9</value>
         <object_component_ref idref="oc-1fe"/>
      </symbol>
      <symbol id="sm-6fc">
         <name>__aeabi_cdrcmple</name>
         <value>0x487f</value>
         <object_component_ref idref="oc-2ac"/>
      </symbol>
      <symbol id="sm-710">
         <name>__aeabi_ddiv</name>
         <value>0x3d45</value>
         <object_component_ref idref="oc-2a7"/>
      </symbol>
      <symbol id="sm-71b">
         <name>__aeabi_dmul</name>
         <value>0x42cd</value>
         <object_component_ref idref="oc-2a2"/>
      </symbol>
      <symbol id="sm-725">
         <name>__aeabi_d2iz</name>
         <value>0x50ed</value>
         <object_component_ref idref="oc-2b1"/>
      </symbol>
      <symbol id="sm-72f">
         <name>__aeabi_i2d</name>
         <value>0x53fd</value>
         <object_component_ref idref="oc-2bc"/>
      </symbol>
      <symbol id="sm-74a">
         <name>memcpy</name>
         <value>0x463b</value>
         <object_component_ref idref="oc-44"/>
      </symbol>
      <symbol id="sm-74b">
         <name>__aeabi_memcpy</name>
         <value>0x463b</value>
         <object_component_ref idref="oc-44"/>
      </symbol>
      <symbol id="sm-74c">
         <name>__aeabi_memcpy8</name>
         <value>0x463b</value>
         <object_component_ref idref="oc-44"/>
      </symbol>
      <symbol id="sm-74d">
         <name>__aeabi_memcpy4</name>
         <value>0x463b</value>
         <object_component_ref idref="oc-44"/>
      </symbol>
      <symbol id="sm-75c">
         <name>__aeabi_memset</name>
         <value>0x4907</value>
         <object_component_ref idref="oc-da"/>
      </symbol>
      <symbol id="sm-75d">
         <name>memset</name>
         <value>0x490d</value>
         <object_component_ref idref="oc-da"/>
      </symbol>
      <symbol id="sm-75e">
         <name>__aeabi_memset8</name>
         <value>0x4907</value>
         <object_component_ref idref="oc-da"/>
      </symbol>
      <symbol id="sm-75f">
         <name>__aeabi_memset4</name>
         <value>0x4907</value>
         <object_component_ref idref="oc-da"/>
      </symbol>
      <symbol id="sm-760">
         <name>__aeabi_memclr8</name>
         <value>0x4905</value>
         <object_component_ref idref="oc-da"/>
      </symbol>
      <symbol id="sm-761">
         <name>__aeabi_memclr4</name>
         <value>0x4905</value>
         <object_component_ref idref="oc-da"/>
      </symbol>
      <symbol id="sm-762">
         <name>__aeabi_memclr</name>
         <value>0x4905</value>
         <object_component_ref idref="oc-da"/>
      </symbol>
      <symbol id="sm-76f">
         <name>__aeabi_uldivmod</name>
         <value>0x46d7</value>
         <object_component_ref idref="oc-29b"/>
      </symbol>
      <symbol id="sm-781">
         <name>__TI_zero_init</name>
         <value>0x55b9</value>
         <object_component_ref idref="oc-56"/>
      </symbol>
      <symbol id="sm-798">
         <name>__TI_decompress_none</name>
         <value>0x55ab</value>
         <object_component_ref idref="oc-1b"/>
      </symbol>
      <symbol id="sm-7bb">
         <name>__TI_decompress_lzss</name>
         <value>0x4ba9</value>
         <object_component_ref idref="oc-15"/>
      </symbol>
      <symbol id="sm-7e1">
         <name>C$$EXIT</name>
         <value>0x55f3</value>
         <object_component_ref idref="oc-197"/>
      </symbol>
      <symbol id="sm-7e2">
         <name>abort</name>
         <value>0x55f3</value>
         <object_component_ref idref="oc-197"/>
      </symbol>
      <symbol id="sm-7e3">
         <name>__TI_dtors_ptr</name>
         <value>0x2000144c</value>
         <object_component_ref idref="oc-278"/>
      </symbol>
      <symbol id="sm-7e4">
         <name>__TI_cleanup_ptr</name>
         <value>0x20001448</value>
         <object_component_ref idref="oc-278"/>
      </symbol>
      <symbol id="sm-7e5">
         <name>__TI_enable_exit_profile_output</name>
         <value>0x20001450</value>
         <object_component_ref idref="oc-278"/>
      </symbol>
      <symbol id="sm-7e6">
         <name>exit</name>
         <value>0x50a5</value>
         <object_component_ref idref="oc-19d"/>
      </symbol>
      <symbol id="sm-7fb">
         <name>_nop</name>
         <value>0x26f7</value>
         <object_component_ref idref="oc-239"/>
      </symbol>
      <symbol id="sm-7fc">
         <name>_lock</name>
         <value>0x20001454</value>
         <object_component_ref idref="oc-129"/>
      </symbol>
      <symbol id="sm-7fd">
         <name>_unlock</name>
         <value>0x20001458</value>
         <object_component_ref idref="oc-129"/>
      </symbol>
      <symbol id="sm-80c">
         <name>__TI_ltoa</name>
         <value>0x4f67</value>
         <object_component_ref idref="oc-2b6"/>
      </symbol>
      <symbol id="sm-822">
         <name>atoi</name>
         <value>0x5059</value>
         <object_component_ref idref="oc-1f2"/>
      </symbol>
      <symbol id="sm-82d">
         <name>_ctypes_</name>
         <value>0x57a8</value>
         <object_component_ref idref="oc-296"/>
      </symbol>
      <symbol id="sm-842">
         <name>__TI_tmpnams</name>
         <value>0x20001588</value>
      </symbol>
      <symbol id="sm-843">
         <name>__aeabi_stdout</name>
         <value>0x20001440</value>
         <object_component_ref idref="oc-416"/>
      </symbol>
      <symbol id="sm-844">
         <name>__aeabi_stderr</name>
         <value>0x20001444</value>
         <object_component_ref idref="oc-416"/>
      </symbol>
      <symbol id="sm-845">
         <name>__aeabi_stdin</name>
         <value>0x2000143c</value>
         <object_component_ref idref="oc-416"/>
      </symbol>
      <symbol id="sm-846">
         <name>_ftable</name>
         <value>0x20001270</value>
         <object_component_ref idref="oc-12c"/>
      </symbol>
      <symbol id="sm-847">
         <name>__TI_ft_end</name>
         <value>0x20001438</value>
         <object_component_ref idref="oc-416"/>
      </symbol>
      <symbol id="sm-857">
         <name>memccpy</name>
         <value>0x550d</value>
         <object_component_ref idref="oc-21b"/>
      </symbol>
      <symbol id="sm-867">
         <name>memchr</name>
         <value>0x54d1</value>
         <object_component_ref idref="oc-31e"/>
      </symbol>
      <symbol id="sm-8f0">
         <name>_sys_memory</name>
         <value>0x20000a70</value>
         <object_component_ref idref="oc-24"/>
      </symbol>
      <symbol id="sm-8f1">
         <name>free</name>
         <value>0x43c9</value>
         <object_component_ref idref="oc-3c7"/>
      </symbol>
      <symbol id="sm-8f2">
         <name>memalign</name>
         <value>0x41c5</value>
         <object_component_ref idref="oc-409"/>
      </symbol>
      <symbol id="sm-8f3">
         <name>malloc</name>
         <value>0x55d9</value>
         <object_component_ref idref="oc-3cd"/>
      </symbol>
      <symbol id="sm-8f4">
         <name>aligned_alloc</name>
         <value>0x41c5</value>
         <object_component_ref idref="oc-409"/>
      </symbol>
      <symbol id="sm-904">
         <name>strchr</name>
         <value>0x555b</value>
         <object_component_ref idref="oc-2ed"/>
      </symbol>
      <symbol id="sm-912">
         <name>strlen</name>
         <value>0x5585</value>
         <object_component_ref idref="oc-1ec"/>
      </symbol>
      <symbol id="sm-92c">
         <name>write</name>
         <value>0x54a9</value>
         <object_component_ref idref="oc-32a"/>
      </symbol>
      <symbol id="sm-93d">
         <name>_stream</name>
         <value>0x200013d8</value>
         <object_component_ref idref="oc-399"/>
      </symbol>
      <symbol id="sm-93e">
         <name>_device</name>
         <value>0x20001360</value>
         <object_component_ref idref="oc-3e6"/>
      </symbol>
      <symbol id="sm-954">
         <name>__aeabi_errno_addr</name>
         <value>0x55d1</value>
         <object_component_ref idref="oc-227"/>
      </symbol>
      <symbol id="sm-955">
         <name>errno</name>
         <value>0x20001464</value>
         <object_component_ref idref="oc-2fd"/>
      </symbol>
      <symbol id="sm-968">
         <name>__stack</name>
         <value>0x20000270</value>
         <object_component_ref idref="oc-27"/>
      </symbol>
      <symbol id="sm-969">
         <name>_c_int00_noargs</name>
         <value>0x5399</value>
         <object_component_ref idref="oc-62"/>
      </symbol>
      <symbol id="sm-989">
         <name>frexpl</name>
         <value>0x4c79</value>
         <object_component_ref idref="oc-2e1"/>
      </symbol>
      <symbol id="sm-98a">
         <name>frexp</name>
         <value>0x4c79</value>
         <object_component_ref idref="oc-2e1"/>
      </symbol>
      <symbol id="sm-9a7">
         <name>scalbn</name>
         <value>0x40b5</value>
         <object_component_ref idref="oc-2e7"/>
      </symbol>
      <symbol id="sm-9a8">
         <name>scalbnl</name>
         <value>0x40b5</value>
         <object_component_ref idref="oc-2e7"/>
      </symbol>
      <symbol id="sm-9a9">
         <name>ldexpl</name>
         <value>0x40b5</value>
         <object_component_ref idref="oc-2e7"/>
      </symbol>
      <symbol id="sm-9aa">
         <name>ldexp</name>
         <value>0x40b5</value>
         <object_component_ref idref="oc-2e7"/>
      </symbol>
      <symbol id="sm-9b4">
         <name>copysign</name>
         <value>0x5529</value>
         <object_component_ref idref="oc-36b"/>
      </symbol>
      <symbol id="sm-9b5">
         <name>copysignl</name>
         <value>0x5529</value>
         <object_component_ref idref="oc-36b"/>
      </symbol>
      <symbol id="sm-9ce">
         <name>wcslen</name>
         <value>0x5599</value>
         <object_component_ref idref="oc-221"/>
      </symbol>
      <symbol id="sm-9de">
         <name>__TI_doflush</name>
         <value>0x500d</value>
         <object_component_ref idref="oc-324"/>
      </symbol>
      <symbol id="sm-9ee">
         <name>__TI_cleanup</name>
         <value>0x5331</value>
         <object_component_ref idref="oc-3d3"/>
      </symbol>
      <symbol id="sm-a00">
         <name>fseek</name>
         <value>0x4cdd</value>
         <object_component_ref idref="oc-387"/>
      </symbol>
      <symbol id="sm-a0a">
         <name>__aeabi_idiv0</name>
         <value>0x2d27</value>
         <object_component_ref idref="oc-352"/>
      </symbol>
      <symbol id="sm-a0b">
         <name>__aeabi_ldiv0</name>
         <value>0x2d27</value>
         <object_component_ref idref="oc-352"/>
      </symbol>
      <symbol id="sm-a33">
         <name>__TI_auto_init_nobinit_nopinit</name>
         <value>0x51bd</value>
         <object_component_ref idref="oc-1a3"/>
      </symbol>
      <symbol id="sm-a3d">
         <name>_system_pre_init</name>
         <value>0x55ef</value>
         <object_component_ref idref="oc-e0"/>
      </symbol>
      <symbol id="sm-a50">
         <name>HOSTclose</name>
         <value>0x5135</value>
         <object_component_ref idref="oc-422"/>
      </symbol>
      <symbol id="sm-a61">
         <name>HOSTlseek</name>
         <value>0x4b41</value>
         <object_component_ref idref="oc-434"/>
      </symbol>
      <symbol id="sm-a73">
         <name>parmbuf</name>
         <value>0x20001638</value>
      </symbol>
      <symbol id="sm-a74">
         <name>HOSTopen</name>
         <value>0x4da5</value>
         <object_component_ref idref="oc-41c"/>
      </symbol>
      <symbol id="sm-a85">
         <name>HOSTread</name>
         <value>0x4e61</value>
         <object_component_ref idref="oc-428"/>
      </symbol>
      <symbol id="sm-a96">
         <name>HOSTrename</name>
         <value>0x4ad5</value>
         <object_component_ref idref="oc-440"/>
      </symbol>
      <symbol id="sm-aa7">
         <name>HOSTunlink</name>
         <value>0x5179</value>
         <object_component_ref idref="oc-43a"/>
      </symbol>
      <symbol id="sm-ab8">
         <name>HOSTwrite</name>
         <value>0x4eb9</value>
         <object_component_ref idref="oc-42e"/>
      </symbol>
      <symbol id="sm-adc">
         <name>__TI_readmsg</name>
         <value>0x5365</value>
         <object_component_ref idref="oc-46f"/>
      </symbol>
      <symbol id="sm-add">
         <name>C$$IO$$</name>
         <value>0x52ef</value>
         <object_component_ref idref="oc-469"/>
      </symbol>
      <symbol id="sm-ade">
         <name>__CIOBUF_</name>
         <value>0x20001468</value>
         <object_component_ref idref="oc-49a"/>
      </symbol>
      <symbol id="sm-adf">
         <name>__TI_writemsg</name>
         <value>0x52c1</value>
         <object_component_ref idref="oc-469"/>
      </symbol>
      <symbol id="sm-af0">
         <name>lseek</name>
         <value>0x5481</value>
         <object_component_ref idref="oc-3bf"/>
      </symbol>
      <symbol id="sm-b05">
         <name>__TI_closefile</name>
         <value>0x4981</value>
         <object_component_ref idref="oc-410"/>
      </symbol>
      <symbol id="sm-b28">
         <name>finddevice</name>
         <value>0x53cd</value>
         <object_component_ref idref="oc-4b8"/>
      </symbol>
      <symbol id="sm-b29">
         <name>getdevice</name>
         <value>0x5201</value>
         <object_component_ref idref="oc-490"/>
      </symbol>
      <symbol id="sm-b38">
         <name>strcmp</name>
         <value>0x5543</value>
         <object_component_ref idref="oc-4cf"/>
      </symbol>
      <symbol id="sm-b46">
         <name>strcpy</name>
         <value>0x5571</value>
         <object_component_ref idref="oc-483"/>
      </symbol>
      <symbol id="sm-b56">
         <name>strncpy</name>
         <value>0x52f9</value>
         <object_component_ref idref="oc-4b2"/>
      </symbol>
      <symbol id="sm-b6b">
         <name>close</name>
         <value>0x4e05</value>
         <object_component_ref idref="oc-458"/>
      </symbol>
      <symbol id="sm-b7b">
         <name>unlink</name>
         <value>0x542d</value>
         <object_component_ref idref="oc-45e"/>
      </symbol>
      <symbol id="sm-b7c">
         <name>__TI_static_base__</name>
         <value>0x0</value>
      </symbol>
      <symbol id="sm-b7f">
         <name>__mpu_init</name>
         <value>0x0</value>
      </symbol>
      <symbol id="sm-b80">
         <name>_system_post_cinit</name>
         <value>0x0</value>
      </symbol>
      <symbol id="sm-b81">
         <name>remove</name>
         <value>0x542d</value>
      </symbol>
   </symbol_table>
   <title>Link successful</title>
</link_info>
